Archive member included to satisfy reference by file (symbol)

/opt/st/stm32cubeide_1.19.0/plugins/com.st.stm32cube.ide.mcu.externaltools.gnu-tools-for-stm32.13.3.rel1.linux64_1.0.0.202410170706/tools/bin/../lib/gcc/arm-none-eabi/13.3.1/../../../../arm-none-eabi/lib/thumb/v7e-m+fp/hard/libc_nano.a(libc_a-exit.o)
                              /opt/st/stm32cubeide_1.19.0/plugins/com.st.stm32cube.ide.mcu.externaltools.gnu-tools-for-stm32.13.3.rel1.linux64_1.0.0.202410170706/tools/bin/../lib/gcc/arm-none-eabi/13.3.1/../../../../arm-none-eabi/lib/thumb/v7e-m+fp/hard/crt0.o (exit)
/opt/st/stm32cubeide_1.19.0/plugins/com.st.stm32cube.ide.mcu.externaltools.gnu-tools-for-stm32.13.3.rel1.linux64_1.0.0.202410170706/tools/bin/../lib/gcc/arm-none-eabi/13.3.1/../../../../arm-none-eabi/lib/thumb/v7e-m+fp/hard/libc_nano.a(libc_a-findfp.o)
                              /opt/st/stm32cubeide_1.19.0/plugins/com.st.stm32cube.ide.mcu.externaltools.gnu-tools-for-stm32.13.3.rel1.linux64_1.0.0.202410170706/tools/bin/../lib/gcc/arm-none-eabi/13.3.1/../../../../arm-none-eabi/lib/thumb/v7e-m+fp/hard/libc_nano.a(libc_a-exit.o) (__stdio_exit_handler)
/opt/st/stm32cubeide_1.19.0/plugins/com.st.stm32cube.ide.mcu.externaltools.gnu-tools-for-stm32.13.3.rel1.linux64_1.0.0.202410170706/tools/bin/../lib/gcc/arm-none-eabi/13.3.1/../../../../arm-none-eabi/lib/thumb/v7e-m+fp/hard/libc_nano.a(libc_a-fwalk.o)
                              /opt/st/stm32cubeide_1.19.0/plugins/com.st.stm32cube.ide.mcu.externaltools.gnu-tools-for-stm32.13.3.rel1.linux64_1.0.0.202410170706/tools/bin/../lib/gcc/arm-none-eabi/13.3.1/../../../../arm-none-eabi/lib/thumb/v7e-m+fp/hard/libc_nano.a(libc_a-findfp.o) (_fwalk_sglue)
/opt/st/stm32cubeide_1.19.0/plugins/com.st.stm32cube.ide.mcu.externaltools.gnu-tools-for-stm32.13.3.rel1.linux64_1.0.0.202410170706/tools/bin/../lib/gcc/arm-none-eabi/13.3.1/../../../../arm-none-eabi/lib/thumb/v7e-m+fp/hard/libc_nano.a(libc_a-stdio.o)
                              /opt/st/stm32cubeide_1.19.0/plugins/com.st.stm32cube.ide.mcu.externaltools.gnu-tools-for-stm32.13.3.rel1.linux64_1.0.0.202410170706/tools/bin/../lib/gcc/arm-none-eabi/13.3.1/../../../../arm-none-eabi/lib/thumb/v7e-m+fp/hard/libc_nano.a(libc_a-findfp.o) (__sread)
/opt/st/stm32cubeide_1.19.0/plugins/com.st.stm32cube.ide.mcu.externaltools.gnu-tools-for-stm32.13.3.rel1.linux64_1.0.0.202410170706/tools/bin/../lib/gcc/arm-none-eabi/13.3.1/../../../../arm-none-eabi/lib/thumb/v7e-m+fp/hard/libc_nano.a(libc_a-memset.o)
                              /opt/st/stm32cubeide_1.19.0/plugins/com.st.stm32cube.ide.mcu.externaltools.gnu-tools-for-stm32.13.3.rel1.linux64_1.0.0.202410170706/tools/bin/../lib/gcc/arm-none-eabi/13.3.1/../../../../arm-none-eabi/lib/thumb/v7e-m+fp/hard/crt0.o (memset)
/opt/st/stm32cubeide_1.19.0/plugins/com.st.stm32cube.ide.mcu.externaltools.gnu-tools-for-stm32.13.3.rel1.linux64_1.0.0.202410170706/tools/bin/../lib/gcc/arm-none-eabi/13.3.1/../../../../arm-none-eabi/lib/thumb/v7e-m+fp/hard/libc_nano.a(libc_a-closer.o)
                              /opt/st/stm32cubeide_1.19.0/plugins/com.st.stm32cube.ide.mcu.externaltools.gnu-tools-for-stm32.13.3.rel1.linux64_1.0.0.202410170706/tools/bin/../lib/gcc/arm-none-eabi/13.3.1/../../../../arm-none-eabi/lib/thumb/v7e-m+fp/hard/libc_nano.a(libc_a-stdio.o) (_close_r)
/opt/st/stm32cubeide_1.19.0/plugins/com.st.stm32cube.ide.mcu.externaltools.gnu-tools-for-stm32.13.3.rel1.linux64_1.0.0.202410170706/tools/bin/../lib/gcc/arm-none-eabi/13.3.1/../../../../arm-none-eabi/lib/thumb/v7e-m+fp/hard/libc_nano.a(libc_a-reent.o)
                              /opt/st/stm32cubeide_1.19.0/plugins/com.st.stm32cube.ide.mcu.externaltools.gnu-tools-for-stm32.13.3.rel1.linux64_1.0.0.202410170706/tools/bin/../lib/gcc/arm-none-eabi/13.3.1/../../../../arm-none-eabi/lib/thumb/v7e-m+fp/hard/libc_nano.a(libc_a-closer.o) (errno)
/opt/st/stm32cubeide_1.19.0/plugins/com.st.stm32cube.ide.mcu.externaltools.gnu-tools-for-stm32.13.3.rel1.linux64_1.0.0.202410170706/tools/bin/../lib/gcc/arm-none-eabi/13.3.1/../../../../arm-none-eabi/lib/thumb/v7e-m+fp/hard/libc_nano.a(libc_a-impure.o)
                              /opt/st/stm32cubeide_1.19.0/plugins/com.st.stm32cube.ide.mcu.externaltools.gnu-tools-for-stm32.13.3.rel1.linux64_1.0.0.202410170706/tools/bin/../lib/gcc/arm-none-eabi/13.3.1/../../../../arm-none-eabi/lib/thumb/v7e-m+fp/hard/libc_nano.a(libc_a-reent.o) (_impure_ptr)
/opt/st/stm32cubeide_1.19.0/plugins/com.st.stm32cube.ide.mcu.externaltools.gnu-tools-for-stm32.13.3.rel1.linux64_1.0.0.202410170706/tools/bin/../lib/gcc/arm-none-eabi/13.3.1/../../../../arm-none-eabi/lib/thumb/v7e-m+fp/hard/libc_nano.a(libc_a-lseekr.o)
                              /opt/st/stm32cubeide_1.19.0/plugins/com.st.stm32cube.ide.mcu.externaltools.gnu-tools-for-stm32.13.3.rel1.linux64_1.0.0.202410170706/tools/bin/../lib/gcc/arm-none-eabi/13.3.1/../../../../arm-none-eabi/lib/thumb/v7e-m+fp/hard/libc_nano.a(libc_a-stdio.o) (_lseek_r)
[...]
Memory Configuration

Name             Origin             Length             Attributes
CCMRAM           0x10000000         0x00010000         xrw
RAM              0x20000000         0x00020000         xrw
FLASH            0x08000000         0x00100000         xr
*default*        0x00000000         0xffffffff

Linker script and memory map

LOAD /opt/st/stm32cubeide_1.19.0/plugins/com.st.stm32cube.ide.mcu.externaltools.gnu-tools-for-stm32.13.3.rel1.linux64_1.0.0.202410170706/tools/bin/../lib/gcc/arm-none-eabi/13.3.1/thumb/v7e-m+fp/hard/crti.o
LOAD /opt/st/stm32cubeide_1.19.0/plugins/com.st.stm32cube.ide.mcu.externaltools.gnu-tools-for-stm32.13.3.rel1.linux64_1.0.0.202410170706/tools/bin/../lib/gcc/arm-none-eabi/13.3.1/thumb/v7e-m+fp/hard/crtbegin.o
LOAD /opt/st/stm32cubeide_1.19.0/plugins/com.st.stm32cube.ide.mcu.externaltools.gnu-tools-for-stm32.13.3.rel1.linux64_1.0.0.202410170706/tools/bin/../lib/gcc/arm-none-eabi/13.3.1/../../../../arm-none-eabi/lib/thumb/v7e-m+fp/hard/crt0.o
LOAD ./Core/Src/main.o
LOAD ./Core/Src/stm32f4xx_hal_msp.o
LOAD ./Core/Src/stm32f4xx_it.o
LOAD ./Core/Src/syscalls.o
LOAD ./Core/Src/sysmem.o
LOAD ./Core/Src/system_stm32f4xx.o
LOAD ./Core/Src/usb_descriptors.o
LOAD ./Core/Src/tinyusb/class/audio/audio_device.o
LOAD ./Core/Src/tinyusb/class/bth/bth_device.o
LOAD ./Core/Src/tinyusb/class/cdc/cdc_device.o
LOAD ./Core/Src/tinyusb/class/cdc/cdc_host.o
LOAD ./Core/Src/tinyusb/class/dfu/dfu_device.o
LOAD ./Core/Src/tinyusb/class/dfu/dfu_rt_device.o
LOAD ./Core/Src/tinyusb/class/hid/hid_device.o
LOAD ./Core/Src/tinyusb/class/hid/hid_host.o
LOAD ./Core/Src/tinyusb/class/midi/midi_device.o
LOAD ./Core/Src/tinyusb/class/midi/midi_host.o
LOAD ./Core/Src/tinyusb/class/msc/msc_device.o
LOAD ./Core/Src/tinyusb/class/msc/msc_host.o
LOAD ./Core/Src/tinyusb/class/mtp/mtp_device.o
LOAD ./Core/Src/tinyusb/class/net/ecm_rndis_device.o
LOAD ./Core/Src/tinyusb/class/net/ncm_device.o
LOAD ./Core/Src/tinyusb/class/printer/printer_device.o
LOAD ./Core/Src/tinyusb/class/usbtmc/usbtmc_device.o
LOAD ./Core/Src/tinyusb/class/vendor/vendor_device.o
LOAD ./Core/Src/tinyusb/class/vendor/vendor_host.o
LOAD ./Core/Src/tinyusb/class/video/video_device.o
LOAD ./Core/Src/tinyusb/common/tusb_fifo.o
LOAD ./Core/Src/tinyusb/device/usbd.o
LOAD ./Core/Src/tinyusb/host/hub.o
LOAD ./Core/Src/tinyusb/host/usbh.o
LOAD ./Core/Src/tinyusb/portable/analog/max3421/hcd_max3421.o
LOAD ./Core/Src/tinyusb/portable/bridgetek/ft9xx/dcd_ft9xx.o
LOAD ./Core/Src/tinyusb/portable/chipidea/ci_fs/dcd_ci_fs.o
LOAD ./Core/Src/tinyusb/portable/chipidea/ci_hs/dcd_ci_hs.o
LOAD ./Core/Src/tinyusb/portable/chipidea/ci_hs/hcd_ci_hs.o
LOAD ./Core/Src/tinyusb/portable/dialog/da146xx/dcd_da146xx.o
LOAD ./Core/Src/tinyusb/portable/ehci/ehci.o
LOAD ./Core/Src/tinyusb/portable/mentor/musb/dcd_musb.o
LOAD ./Core/Src/tinyusb/portable/mentor/musb/hcd_musb.o
LOAD ./Core/Src/tinyusb/portable/microchip/pic/dcd_pic.o
LOAD ./Core/Src/tinyusb/portable/microchip/pic32mz/dcd_pic32mz.o
LOAD ./Core/Src/tinyusb/portable/microchip/samd/dcd_samd.o
LOAD ./Core/Src/tinyusb/portable/microchip/samd/hcd_samd.o
LOAD ./Core/Src/tinyusb/portable/microchip/samg/dcd_samg.o
LOAD ./Core/Src/tinyusb/portable/microchip/samx7x/dcd_samx7x.o
LOAD ./Core/Src/tinyusb/portable/mindmotion/mm32/dcd_mm32f327x_otg.o
LOAD ./Core/Src/tinyusb/portable/nordic/nrf5x/dcd_nrf5x.o
LOAD ./Core/Src/tinyusb/portable/nuvoton/nuc120/dcd_nuc120.o
LOAD ./Core/Src/tinyusb/portable/nuvoton/nuc121/dcd_nuc121.o
LOAD ./Core/Src/tinyusb/portable/nuvoton/nuc505/dcd_nuc505.o
LOAD ./Core/Src/tinyusb/portable/nxp/khci/dcd_khci.o
LOAD ./Core/Src/tinyusb/portable/nxp/khci/hcd_khci.o
LOAD ./Core/Src/tinyusb/portable/nxp/lpc17_40/dcd_lpc17_40.o
LOAD ./Core/Src/tinyusb/portable/nxp/lpc_ip3511/dcd_lpc_ip3511.o
LOAD ./Core/Src/tinyusb/portable/nxp/lpc_ip3516/hcd_lpc_ip3516.o
LOAD ./Core/Src/tinyusb/portable/ohci/ohci.o
LOAD ./Core/Src/tinyusb/portable/raspberrypi/pio_usb/dcd_pio_usb.o
LOAD ./Core/Src/tinyusb/portable/raspberrypi/pio_usb/hcd_pio_usb.o
LOAD ./Core/Src/tinyusb/portable/raspberrypi/rp2040/dcd_rp2040.o
LOAD ./Core/Src/tinyusb/portable/raspberrypi/rp2040/hcd_rp2040.o
LOAD ./Core/Src/tinyusb/portable/raspberrypi/rp2040/rp2040_usb.o
LOAD ./Core/Src/tinyusb/portable/renesas/rusb2/dcd_rusb2.o
LOAD ./Core/Src/tinyusb/portable/renesas/rusb2/hcd_rusb2.o
LOAD ./Core/Src/tinyusb/portable/renesas/rusb2/rusb2_common.o
LOAD ./Core/Src/tinyusb/portable/sony/cxd56/dcd_cxd56.o
LOAD ./Core/Src/tinyusb/portable/st/stm32_fsdev/dcd_stm32_fsdev.o
LOAD ./Core/Src/tinyusb/portable/st/stm32_fsdev/fsdev_common.o
LOAD ./Core/Src/tinyusb/portable/st/stm32_fsdev/hcd_stm32_fsdev.o
LOAD ./Core/Src/tinyusb/portable/st/typec/typec_stm32.o
LOAD ./Core/Src/tinyusb/portable/sunxi/dcd_sunxi_musb.o
LOAD ./Core/Src/tinyusb/portable/synopsys/dwc2/dcd_dwc2.o
LOAD ./Core/Src/tinyusb/portable/synopsys/dwc2/dwc2_common.o
LOAD ./Core/Src/tinyusb/portable/synopsys/dwc2/hcd_dwc2.o
LOAD ./Core/Src/tinyusb/portable/template/dcd_template.o
LOAD ./Core/Src/tinyusb/portable/template/hcd_template.o
LOAD ./Core/Src/tinyusb/portable/ti/msp430x5xx/dcd_msp430x5xx.o
LOAD ./Core/Src/tinyusb/portable/valentyusb/eptri/dcd_eptri.o
LOAD ./Core/Src/tinyusb/portable/wch/dcd_ch32_usbfs.o
LOAD ./Core/Src/tinyusb/portable/wch/dcd_ch32_usbhs.o
LOAD ./Core/Src/tinyusb/portable/wch/hcd_ch32_usbfs.o
LOAD ./Core/Src/tinyusb/tusb.o
LOAD ./Core/Src/tinyusb/typec/usbc.o
LOAD ./Core/Startup/startup_stm32f407vgtx.o
LOAD ./Drivers/STM32F4xx_HAL_Driver/Src/stm32f4xx_hal.o
LOAD ./Drivers/STM32F4xx_HAL_Driver/Src/stm32f4xx_hal_cortex.o
LOAD ./Drivers/STM32F4xx_HAL_Driver/Src/stm32f4xx_hal_dma.o
LOAD ./Drivers/STM32F4xx_HAL_Driver/Src/stm32f4xx_hal_dma_ex.o
LOAD ./Drivers/STM32F4xx_HAL_Driver/Src/stm32f4xx_hal_exti.o
LOAD ./Drivers/STM32F4xx_HAL_Driver/Src/stm32f4xx_hal_flash.o
LOAD ./Drivers/STM32F4xx_HAL_Driver/Src/stm32f4xx_hal_flash_ex.o
LOAD ./Drivers/STM32F4xx_HAL_Driver/Src/stm32f4xx_hal_flash_ramfunc.o
LOAD ./Drivers/STM32F4xx_HAL_Driver/Src/stm32f4xx_hal_gpio.o
LOAD ./Drivers/STM32F4xx_HAL_Driver/Src/stm32f4xx_hal_pcd.o
LOAD ./Drivers/STM32F4xx_HAL_Driver/Src/stm32f4xx_hal_pcd_ex.o
LOAD ./Drivers/STM32F4xx_HAL_Driver/Src/stm32f4xx_hal_pwr.o
LOAD ./Drivers/STM32F4xx_HAL_Driver/Src/stm32f4xx_hal_pwr_ex.o
LOAD ./Drivers/STM32F4xx_HAL_Driver/Src/stm32f4xx_hal_rcc.o
LOAD ./Drivers/STM32F4xx_HAL_Driver/Src/stm32f4xx_hal_rcc_ex.o
LOAD ./Drivers/STM32F4xx_HAL_Driver/Src/stm32f4xx_ll_usb.o
START GROUP
LOAD /opt/st/stm32cubeide_1.19.0/plugins/com.st.stm32cube.ide.mcu.externaltools.gnu-tools-for-stm32.13.3.rel1.linux64_1.0.0.202410170706/tools/bin/../lib/gcc/arm-none-eabi/13.3.1/../../../../arm-none-eabi/lib/thumb/v7e-m+fp/hard/libc_nano.a
LOAD /opt/st/stm32cubeide_1.19.0/plugins/com.st.stm32cube.ide.mcu.externaltools.gnu-tools-for-stm32.13.3.rel1.linux64_1.0.0.202410170706/tools/bin/../lib/gcc/arm-none-eabi/13.3.1/../../../../arm-none-eabi/lib/thumb/v7e-m+fp/hard/libm.a
END GROUP
START GROUP
LOAD /opt/st/stm32cubeide_1.19.0/plugins/com.st.stm32cube.ide.mcu.externaltools.gnu-tools-for-stm32.13.3.rel1.linux64_1.0.0.202410170706/tools/bin/../lib/gcc/arm-none-eabi/13.3.1/thumb/v7e-m+fp/hard/libgcc.a
LOAD /opt/st/stm32cubeide_1.19.0/plugins/com.st.stm32cube.ide.mcu.externaltools.gnu-tools-for-stm32.13.3.rel1.linux64_1.0.0.202410170706/tools/bin/../lib/gcc/arm-none-eabi/13.3.1/../../../../arm-none-eabi/lib/thumb/v7e-m+fp/hard/libc_nano.a
END GROUP
START GROUP
LOAD /opt/st/stm32cubeide_1.19.0/plugins/com.st.stm32cube.ide.mcu.externaltools.gnu-tools-for-stm32.13.3.rel1.linux64_1.0.0.202410170706/tools/bin/../lib/gcc/arm-none-eabi/13.3.1/thumb/v7e-m+fp/hard/libgcc.a
LOAD /opt/st/stm32cubeide_1.19.0/plugins/com.st.stm32cube.ide.mcu.externaltools.gnu-tools-for-stm32.13.3.rel1.linux64_1.0.0.202410170706/tools/bin/../lib/gcc/arm-none-eabi/13.3.1/../../../../arm-none-eabi/lib/thumb/v7e-m+fp/hard/libc_nano.a
LOAD /opt/st/stm32cubeide_1.19.0/plugins/com.st.stm32cube.ide.mcu.externaltools.gnu-tools-for-stm32.13.3.rel1.linux64_1.0.0.202410170706/tools/bin/../lib/gcc/arm-none-eabi/13.3.1/../../../../arm-none-eabi/lib/thumb/v7e-m+fp/hard/libnosys.a
END GROUP
START GROUP
LOAD /opt/st/stm32cubeide_1.19.0/plugins/com.st.stm32cube.ide.mcu.externaltools.gnu-tools-for-stm32.13.3.rel1.linux64_1.0.0.202410170706/tools/bin/../lib/gcc/arm-none-eabi/13.3.1/thumb/v7e-m+fp/hard/libgcc.a
LOAD /opt/st/stm32cubeide_1.19.0/plugins/com.st.stm32cube.ide.mcu.externaltools.gnu-tools-for-stm32.13.3.rel1.linux64_1.0.0.202410170706/tools/bin/../lib/gcc/arm-none-eabi/13.3.1/../../../../arm-none-eabi/lib/thumb/v7e-m+fp/hard/libc_nano.a
LOAD /opt/st/stm32cubeide_1.19.0/plugins/com.st.stm32cube.ide.mcu.externaltools.gnu-tools-for-stm32.13.3.rel1.linux64_1.0.0.202410170706/tools/bin/../lib/gcc/arm-none-eabi/13.3.1/../../../../arm-none-eabi/lib/thumb/v7e-m+fp/hard/libnosys.a
END GROUP
LOAD /opt/st/stm32cubeide_1.19.0/plugins/com.st.stm32cube.ide.mcu.externaltools.gnu-tools-for-stm32.13.3.rel1.linux64_1.0.0.202410170706/tools/bin/../lib/gcc/arm-none-eabi/13.3.1/thumb/v7e-m+fp/hard/crtend.o
LOAD /opt/st/stm32cubeide_1.19.0/plugins/com.st.stm32cube.ide.mcu.externaltools.gnu-tools-for-stm32.13.3.rel1.linux64_1.0.0.202410170706/tools/bin/../lib/gcc/arm-none-eabi/13.3.1/thumb/v7e-m+fp/hard/crtn.o
                0x20020000                        _estack = (ORIGIN (RAM) + LENGTH (RAM))
                0x00000200                        _Min_Heap_Size = 0x200
                0x00000400                        _Min_Stack_Size = 0x400

.isr_vector     0x08000000      0x188
                0x08000000                        . = ALIGN (0x4)
 *(.isr_vector)
 .isr_vector    0x08000000      0x188 ./Core/Startup/startup_stm32f407vgtx.o
                0x08000000                g_pfnVectors
                0x08000188                        . = ALIGN (0x4)

.text           0x08000188     0x81e4
                0x08000188                        . = ALIGN (0x4)
 *(.text)
 .text          0x08000188       0x40 /opt/st/stm32cubeide_1.19.0/plugins/com.st.stm32cube.ide.mcu.externaltools.gnu-tools-for-stm32.13.3.rel1.linux64_1.0.0.202410170706/tools/bin/../lib/gcc/arm-none-eabi/13.3.1/thumb/v7e-m+fp/hard/crtbegin.o
 .text          0x080001c8       0x10 /opt/st/stm32cubeide_1.19.0/plugins/com.st.stm32cube.ide.mcu.externaltools.gnu-tools-for-stm32.13.3.rel1.linux64_1.0.0.202410170706/tools/bin/../lib/gcc/arm-none-eabi/13.3.1/../../../../arm-none-eabi/lib/thumb/v7e-m+fp/hard/libc_nano.a(libc_a-strlen.o)
                0x080001c8                strlen
 .text          0x080001d8       0x30 /opt/st/stm32cubeide_1.19.0/plugins/com.st.stm32cube.ide.mcu.externaltools.gnu-tools-for-stm32.13.3.rel1.linux64_1.0.0.202410170706/tools/bin/../lib/gcc/arm-none-eabi/13.3.1/thumb/v7e-m+fp/hard/libgcc.a(_aeabi_uldivmod.o)
                0x080001d8                __aeabi_uldivmod
 .text          0x08000208      0x2f8 /opt/st/stm32cubeide_1.19.0/plugins/com.st.stm32cube.ide.mcu.externaltools.gnu-tools-for-stm32.13.3.rel1.linux64_1.0.0.202410170706/tools/bin/../lib/gcc/arm-none-eabi/13.3.1/thumb/v7e-m+fp/hard/libgcc.a(_udivmoddi4.o)
                0x08000208                __udivmoddi4
 .text          0x08000500        0x4 /opt/st/stm32cubeide_1.19.0/plugins/com.st.stm32cube.ide.mcu.externaltools.gnu-tools-for-stm32.13.3.rel1.linux64_1.0.0.202410170706/tools/bin/../lib/gcc/arm-none-eabi/13.3.1/thumb/v7e-m+fp/hard/libgcc.a(_dvmd_tls.o)
                0x08000500                __aeabi_ldiv0
                0x08000500                __aeabi_idiv0
 *(.text*)
 .text.midi_task
                0x08000504       0xbc ./Core/Src/main.o
                0x08000504                midi_task
 .text.main     0x080005c0       0x58 ./Core/Src/main.o
                0x080005c0                main
 .text.SystemClock_Config
                0x08000618       0xd4 ./Core/Src/main.o
                0x08000618                SystemClock_Config
 .text.MX_USB_OTG_FS_PCD_Init
                0x080006ec       0x5c ./Core/Src/main.o
 .text.MX_GPIO_Init
                0x08000748      0x280 ./Core/Src/main.o
 .text.Error_Handler
                0x080009c8        0xc ./Core/Src/main.o
                0x080009c8                Error_Handler
 .text.HAL_MspInit
                0x080009d4       0x50 ./Core/Src/stm32f4xx_hal_msp.o
                0x080009d4                HAL_MspInit
 .text.HAL_PCD_MspInit
                0x08000a24       0xc4 ./Core/Src/stm32f4xx_hal_msp.o
                0x08000a24                HAL_PCD_MspInit
 .text.NMI_Handler
                0x08000ae8        0x8 ./Core/Src/stm32f4xx_it.o
                0x08000ae8                NMI_Handler
 .text.HardFault_Handler
                0x08000af0        0x8 ./Core/Src/stm32f4xx_it.o
                0x08000af0                HardFault_Handler
 .text.MemManage_Handler
                0x08000af8        0x8 ./Core/Src/stm32f4xx_it.o
                0x08000af8                MemManage_Handler
 .text.BusFault_Handler
                0x08000b00        0x8 ./Core/Src/stm32f4xx_it.o
                0x08000b00                BusFault_Handler
 .text.UsageFault_Handler
                0x08000b08        0x8 ./Core/Src/stm32f4xx_it.o
                0x08000b08                UsageFault_Handler
 .text.SVC_Handler
                0x08000b10        0xe ./Core/Src/stm32f4xx_it.o
                0x08000b10                SVC_Handler
 .text.DebugMon_Handler
                0x08000b1e        0xe ./Core/Src/stm32f4xx_it.o
                0x08000b1e                DebugMon_Handler
 .text.PendSV_Handler
                0x08000b2c        0xe ./Core/Src/stm32f4xx_it.o
                0x08000b2c                PendSV_Handler
 .text.SysTick_Handler
                0x08000b3a        0xc ./Core/Src/stm32f4xx_it.o
                0x08000b3a                SysTick_Handler
 .text.OTG_FS_IRQHandler
                0x08000b46       0x10 ./Core/Src/stm32f4xx_it.o
                0x08000b46                OTG_FS_IRQHandler
 *fill*         0x08000b56        0x2 
 .text.SystemInit
                0x08000b58       0x24 ./Core/Src/system_stm32f4xx.o
                0x08000b58                SystemInit
 .text.board_usb_get_serial
                0x08000b7c       0xa8 ./Core/Src/usb_descriptors.o
 .text.tud_descriptor_device_cb
                0x08000c24       0x14 ./Core/Src/usb_descriptors.o
                0x08000c24                tud_descriptor_device_cb
 .text.tud_descriptor_configuration_cb
                0x08000c38       0x1c ./Core/Src/usb_descriptors.o
                0x08000c38                tud_descriptor_configuration_cb
 .text.tud_descriptor_string_cb
                0x08000c54       0xc0 ./Core/Src/usb_descriptors.o
                0x08000c54                tud_descriptor_string_cb
 .text.board_get_unique_id
                0x08000d14       0x4c ./Core/Src/usb_descriptors.o
                0x08000d14                board_get_unique_id
 .text.tud_midi_rx_cb
                0x08000d60       0x16 ./Core/Src/tinyusb/class/midi/midi_device.o
                0x08000d60                tud_midi_rx_cb
 *fill*         0x08000d76        0x2 
 .text.tud_midi_n_stream_write
                0x08000d78      0x2d0 ./Core/Src/tinyusb/class/midi/midi_device.o
                0x08000d78                tud_midi_n_stream_write
 .text.midid_init
                0x08001048       0x84 ./Core/Src/tinyusb/class/midi/midi_device.o
                0x08001048                midid_init
 .text.midid_deinit
                0x080010cc       0x4c ./Core/Src/tinyusb/class/midi/midi_device.o
                0x080010cc                midid_deinit
 .text.midid_reset
                0x08001118       0x84 ./Core/Src/tinyusb/class/midi/midi_device.o
                0x08001118                midid_reset
 .text.midid_open
                0x0800119c      0x3e0 ./Core/Src/tinyusb/class/midi/midi_device.o
                0x0800119c                midid_open
 .text.midid_control_xfer_cb
                0x0800157c       0x1e ./Core/Src/tinyusb/class/midi/midi_device.o
                0x0800157c                midid_control_xfer_cb
 *fill*         0x0800159a        0x2 
 .text.midid_xfer_cb
                0x0800159c      0x13c ./Core/Src/tinyusb/class/midi/midi_device.o
                0x0800159c                midid_xfer_cb
 .text.tu_fifo_config
                0x080016d8       0x4e ./Core/Src/tinyusb/common/tusb_fifo.o
                0x080016d8                tu_fifo_config
 .text.tu_fifo_clear
                0x08001726       0x20 ./Core/Src/tinyusb/common/tusb_fifo.o
                0x08001726                tu_fifo_clear
 .text.tu_hwfifo_write
                0x08001746       0xa2 ./Core/Src/tinyusb/common/tusb_fifo.o
                0x08001746                tu_hwfifo_write
 .text.tu_hwfifo_read
                0x080017e8       0xaa ./Core/Src/tinyusb/common/tusb_fifo.o
                0x080017e8                tu_hwfifo_read
 .text.hwff_push_n
                0x08001892      0x16c ./Core/Src/tinyusb/common/tusb_fifo.o
 .text.hwff_pull_n
                0x080019fe      0x16c ./Core/Src/tinyusb/common/tusb_fifo.o
 .text.ff_push_n
                0x08001b6a       0x6e ./Core/Src/tinyusb/common/tusb_fifo.o
 .text.ff_pull_n
                0x08001bd8       0x6e ./Core/Src/tinyusb/common/tusb_fifo.o
 .text.advance_index
                0x08001c46       0x4c ./Core/Src/tinyusb/common/tusb_fifo.o
 .text.correct_read_index
                0x08001c92       0x40 ./Core/Src/tinyusb/common/tusb_fifo.o
 .text.tu_fifo_peek_n_access_mode
                0x08001cd2       0xcc ./Core/Src/tinyusb/common/tusb_fifo.o
                0x08001cd2                tu_fifo_peek_n_access_mode
 .text.tu_fifo_read_n_access_mode
                0x08001d9e       0x5a ./Core/Src/tinyusb/common/tusb_fifo.o
                0x08001d9e                tu_fifo_read_n_access_mode
 .text.tu_fifo_write_n_access_mode
                0x08001df8      0x1a6 ./Core/Src/tinyusb/common/tusb_fifo.o
                0x08001df8                tu_fifo_write_n_access_mode
 .text.tud_event_hook_cb
                0x08001f9e       0x1c ./Core/Src/tinyusb/device/usbd.o
                0x08001f9e                tud_event_hook_cb
 .text.tud_sof_cb
                0x08001fba       0x14 ./Core/Src/tinyusb/device/usbd.o
                0x08001fba                tud_sof_cb
 .text.tud_descriptor_bos_cb
                0x08001fce       0x10 ./Core/Src/tinyusb/device/usbd.o
                0x08001fce                tud_descriptor_bos_cb
 .text.tud_descriptor_device_qualifier_cb
                0x08001fde       0x10 ./Core/Src/tinyusb/device/usbd.o
                0x08001fde                tud_descriptor_device_qualifier_cb
 .text.tud_descriptor_other_speed_configuration_cb
                0x08001fee       0x18 ./Core/Src/tinyusb/device/usbd.o
                0x08001fee                tud_descriptor_other_speed_configuration_cb
 .text.tud_mount_cb
                0x08002006        0xe ./Core/Src/tinyusb/device/usbd.o
                0x08002006                tud_mount_cb
 .text.tud_umount_cb
                0x08002014        0xe ./Core/Src/tinyusb/device/usbd.o
                0x08002014                tud_umount_cb
 .text.tud_suspend_cb
                0x08002022       0x16 ./Core/Src/tinyusb/device/usbd.o
                0x08002022                tud_suspend_cb
 .text.tud_resume_cb
                0x08002038        0xe ./Core/Src/tinyusb/device/usbd.o
                0x08002038                tud_resume_cb
 .text.tud_vendor_control_xfer_cb
                0x08002046       0x1e ./Core/Src/tinyusb/device/usbd.o
                0x08002046                tud_vendor_control_xfer_cb
 .text.usbd_app_driver_get_cb
                0x08002064       0x1c ./Core/Src/tinyusb/device/usbd.o
                0x08002064                usbd_app_driver_get_cb
 .text.tud_inited
                0x08002080       0x20 ./Core/Src/tinyusb/device/usbd.o
                0x08002080                tud_inited
 .text.tud_rhport_init
                0x080020a0      0x1ac ./Core/Src/tinyusb/device/usbd.o
                0x080020a0                tud_rhport_init
 .text.configuration_reset
                0x0800224c       0xd8 ./Core/Src/tinyusb/device/usbd.o
 .text.usbd_reset
                0x08002324       0x1a ./Core/Src/tinyusb/device/usbd.o
 *fill*         0x0800233e        0x2 
 .text.tud_task_ext
                0x08002340      0x33c ./Core/Src/tinyusb/device/usbd.o
                0x08002340                tud_task_ext
 .text.dcd_edpt0_status_complete
                0x0800267c       0x18 ./Core/Src/tinyusb/device/usbd.o
                0x0800267c                dcd_edpt0_status_complete
 .text.data_stage_xact
                0x08002694       0xdc ./Core/Src/tinyusb/device/usbd.o
 .text.tud_control_status
                0x08002770       0x54 ./Core/Src/tinyusb/device/usbd.o
                0x08002770                tud_control_status
 .text.tud_control_xfer
                0x080027c4       0xdc ./Core/Src/tinyusb/device/usbd.o
                0x080027c4                tud_control_xfer
 .text.usbd_control_xfer_cb
                0x080028a0      0x1a0 ./Core/Src/tinyusb/device/usbd.o
 .text.invoke_class_control
                0x08002a40       0x30 ./Core/Src/tinyusb/device/usbd.o
 .text.process_std_device_request
                0x08002a70      0x1a8 ./Core/Src/tinyusb/device/usbd.o
 .text.process_setup_received
                0x08002c18      0x438 ./Core/Src/tinyusb/device/usbd.o
 .text.process_set_config
                0x08003050      0x250 ./Core/Src/tinyusb/device/usbd.o
 .text.process_get_descriptor
                0x080032a0      0x1b0 ./Core/Src/tinyusb/device/usbd.o
 .text.dcd_event_handler
                0x08003450      0x5c4 ./Core/Src/tinyusb/device/usbd.o
                0x08003450                dcd_event_handler
 .text.usbd_int_set
                0x08003a14       0x34 ./Core/Src/tinyusb/device/usbd.o
                0x08003a14                usbd_int_set
 .text.usbd_spin_lock
                0x08003a48       0x48 ./Core/Src/tinyusb/device/usbd.o
                0x08003a48                usbd_spin_lock
 .text.usbd_spin_unlock
                0x08003a90       0x50 ./Core/Src/tinyusb/device/usbd.o
                0x08003a90                usbd_spin_unlock
 .text.usbd_edpt_open
                0x08003ae0       0xa0 ./Core/Src/tinyusb/device/usbd.o
                0x08003ae0                usbd_edpt_open
 .text.usbd_edpt_claim
                0x08003b80       0x50 ./Core/Src/tinyusb/device/usbd.o
                0x08003b80                usbd_edpt_claim
 .text.usbd_edpt_release
                0x08003bd0       0x50 ./Core/Src/tinyusb/device/usbd.o
                0x08003bd0                usbd_edpt_release
 .text.usbd_edpt_xfer
                0x08003c20      0x100 ./Core/Src/tinyusb/device/usbd.o
                0x08003c20                usbd_edpt_xfer
 .text.usbd_edpt_xfer_fifo
                0x08003d20      0x100 ./Core/Src/tinyusb/device/usbd.o
                0x08003d20                usbd_edpt_xfer_fifo
 .text.usbd_edpt_stall
                0x08003e20       0x78 ./Core/Src/tinyusb/device/usbd.o
                0x08003e20                usbd_edpt_stall
 .text.usbd_edpt_clear_stall
                0x08003e98       0x78 ./Core/Src/tinyusb/device/usbd.o
                0x08003e98                usbd_edpt_clear_stall
 .text.usbd_edpt_stalled
                0x08003f10       0x5c ./Core/Src/tinyusb/device/usbd.o
                0x08003f10                usbd_edpt_stalled
 .text.__NVIC_EnableIRQ
                0x08003f6c       0x3c ./Core/Src/tinyusb/portable/synopsys/dwc2/dcd_dwc2.o
 .text.__NVIC_DisableIRQ
                0x08003fa8       0x48 ./Core/Src/tinyusb/portable/synopsys/dwc2/dcd_dwc2.o
 .text.dwc2_stm32_gccfg_cfg
                0x08003ff0       0xe2 ./Core/Src/tinyusb/portable/synopsys/dwc2/dcd_dwc2.o
 *fill*         0x080040d2        0x2 
 .text.dma_setup_prepare
                0x080040d4       0x88 ./Core/Src/tinyusb/portable/synopsys/dwc2/dcd_dwc2.o
 .text.dfifo_alloc
                0x0800415c      0x1f4 ./Core/Src/tinyusb/portable/synopsys/dwc2/dcd_dwc2.o
 .text.dfifo_device_init
                0x08004350       0xbc ./Core/Src/tinyusb/portable/synopsys/dwc2/dcd_dwc2.o
 .text.edpt_activate
                0x0800440c      0x16c ./Core/Src/tinyusb/portable/synopsys/dwc2/dcd_dwc2.o
 .text.edpt_disable
                0x08004578      0x1c4 ./Core/Src/tinyusb/portable/synopsys/dwc2/dcd_dwc2.o
 .text.edpt_schedule_packets
                0x0800473c      0x1a8 ./Core/Src/tinyusb/portable/synopsys/dwc2/dcd_dwc2.o
 .text.dcd_init
                0x080048e4      0x170 ./Core/Src/tinyusb/portable/synopsys/dwc2/dcd_dwc2.o
                0x080048e4                dcd_init
 .text.dcd_int_enable
                0x08004a54       0x54 ./Core/Src/tinyusb/portable/synopsys/dwc2/dcd_dwc2.o
                0x08004a54                dcd_int_enable
 .text.dcd_int_disable
                0x08004aa8       0x54 ./Core/Src/tinyusb/portable/synopsys/dwc2/dcd_dwc2.o
                0x08004aa8                dcd_int_disable
 .text.dcd_set_address
                0x08004afc       0x7c ./Core/Src/tinyusb/portable/synopsys/dwc2/dcd_dwc2.o
                0x08004afc                dcd_set_address
 .text.dcd_connect
                0x08004b78       0x4c ./Core/Src/tinyusb/portable/synopsys/dwc2/dcd_dwc2.o
                0x08004b78                dcd_connect
 .text.dcd_disconnect
                0x08004bc4       0x4c ./Core/Src/tinyusb/portable/synopsys/dwc2/dcd_dwc2.o
                0x08004bc4                dcd_disconnect
 .text.dcd_sof_enable
                0x08004c10       0x70 ./Core/Src/tinyusb/portable/synopsys/dwc2/dcd_dwc2.o
                0x08004c10                dcd_sof_enable
 .text.dcd_edpt_open
                0x08004c80       0x74 ./Core/Src/tinyusb/portable/synopsys/dwc2/dcd_dwc2.o
                0x08004c80                dcd_edpt_open
 .text.dcd_edpt_close_all
                0x08004cf4      0x13c ./Core/Src/tinyusb/portable/synopsys/dwc2/dcd_dwc2.o
                0x08004cf4                dcd_edpt_close_all
 .text.dcd_edpt_xfer
                0x08004e30       0xb0 ./Core/Src/tinyusb/portable/synopsys/dwc2/dcd_dwc2.o
                0x08004e30                dcd_edpt_xfer
 .text.dcd_edpt_xfer_fifo
                0x08004ee0       0x9c ./Core/Src/tinyusb/portable/synopsys/dwc2/dcd_dwc2.o
                0x08004ee0                dcd_edpt_xfer_fifo
 .text.dcd_edpt_stall
                0x08004f7c       0x70 ./Core/Src/tinyusb/portable/synopsys/dwc2/dcd_dwc2.o
                0x08004f7c                dcd_edpt_stall
 .text.dcd_edpt_clear_stall
                0x08004fec       0x90 ./Core/Src/tinyusb/portable/synopsys/dwc2/dcd_dwc2.o
                0x08004fec                dcd_edpt_clear_stall
 .text.handle_bus_reset
                0x0800507c      0x20c ./Core/Src/tinyusb/portable/synopsys/dwc2/dcd_dwc2.o
 .text.handle_enum_done
                0x08005288       0x94 ./Core/Src/tinyusb/portable/synopsys/dwc2/dcd_dwc2.o
 .text.epin_write_tx_fifo
                0x0800531c      0x10c ./Core/Src/tinyusb/portable/synopsys/dwc2/dcd_dwc2.o
 .text.handle_rxflvl_irq
                0x08005428      0x174 ./Core/Src/tinyusb/portable/synopsys/dwc2/dcd_dwc2.o
 .text.handle_epout_slave
                0x0800559c      0x158 ./Core/Src/tinyusb/portable/synopsys/dwc2/dcd_dwc2.o
 .text.handle_epin_slave
                0x080056f4      0x144 ./Core/Src/tinyusb/portable/synopsys/dwc2/dcd_dwc2.o
 .text.handle_ep_irq
                0x08005838      0x12c ./Core/Src/tinyusb/portable/synopsys/dwc2/dcd_dwc2.o
 .text.handle_incomplete_iso_in
                0x08005964      0x1c0 ./Core/Src/tinyusb/portable/synopsys/dwc2/dcd_dwc2.o
 .text.dcd_int_handler
                0x08005b24      0x290 ./Core/Src/tinyusb/portable/synopsys/dwc2/dcd_dwc2.o
                0x08005b24                dcd_int_handler
 .text.dwc2_phy_init
                0x08005db4       0x54 ./Core/Src/tinyusb/portable/synopsys/dwc2/dwc2_common.o
 .text.dwc2_phy_update
                0x08005e08       0xec ./Core/Src/tinyusb/portable/synopsys/dwc2/dwc2_common.o
 .text.reset_core
                0x08005ef4       0x7a ./Core/Src/tinyusb/portable/synopsys/dwc2/dwc2_common.o
 .text.phy_fs_init
                0x08005f6e       0x50 ./Core/Src/tinyusb/portable/synopsys/dwc2/dwc2_common.o
 .text.phy_hs_init
                0x08005fbe       0xe6 ./Core/Src/tinyusb/portable/synopsys/dwc2/dwc2_common.o
 .text.check_dwc2
                0x080060a4       0x60 ./Core/Src/tinyusb/portable/synopsys/dwc2/dwc2_common.o
 .text.dwc2_core_is_highspeed_phy
                0x08006104       0x6a ./Core/Src/tinyusb/portable/synopsys/dwc2/dwc2_common.o
                0x08006104                dwc2_core_is_highspeed_phy
 *fill*         0x0800616e        0x2 
 .text.dwc2_core_init
                0x08006170      0x11c ./Core/Src/tinyusb/portable/synopsys/dwc2/dwc2_common.o
                0x08006170                dwc2_core_init
 .text.tusb_rhport_init
                0x0800628c       0x80 ./Core/Src/tinyusb/tusb.o
                0x0800628c                tusb_rhport_init
 .text.tusb_int_handler
                0x0800630c       0x34 ./Core/Src/tinyusb/tusb.o
                0x0800630c                tusb_int_handler
 .text.tu_edpt_claim
                0x08006340       0x54 ./Core/Src/tinyusb/tusb.o
                0x08006340                tu_edpt_claim
 .text.tu_edpt_release
                0x08006394       0x42 ./Core/Src/tinyusb/tusb.o
                0x08006394                tu_edpt_release
 *fill*         0x080063d6        0x2 
 .text.tu_bind_driver_to_ep_itf
                0x080063d8      0x11c ./Core/Src/tinyusb/tusb.o
                0x080063d8                tu_bind_driver_to_ep_itf
 .text.tu_edpt_stream_init
                0x080064f4       0x50 ./Core/Src/tinyusb/tusb.o
                0x080064f4                tu_edpt_stream_init
 .text.stream_claim
                0x08006544       0x3a ./Core/Src/tinyusb/tusb.o
 .text.stream_xfer
                0x0800657e       0x66 ./Core/Src/tinyusb/tusb.o
 .text.stream_release
                0x080065e4       0x2e ./Core/Src/tinyusb/tusb.o
 *fill*         0x08006612        0x2 
 .text.tu_edpt_stream_write_zlp_if_needed
                0x08006614       0x9c ./Core/Src/tinyusb/tusb.o
                0x08006614                tu_edpt_stream_write_zlp_if_needed
 .text.tu_edpt_stream_write_xfer
                0x080066b0      0x16c ./Core/Src/tinyusb/tusb.o
                0x080066b0                tu_edpt_stream_write_xfer
 .text.tu_edpt_stream_write
                0x0800681c       0xba ./Core/Src/tinyusb/tusb.o
                0x0800681c                tu_edpt_stream_write
 .text.tu_edpt_stream_write_available
                0x080068d6       0x78 ./Core/Src/tinyusb/tusb.o
                0x080068d6                tu_edpt_stream_write_available
 *fill*         0x0800694e        0x2 
 .text.tu_edpt_stream_read_xfer
                0x08006950      0x190 ./Core/Src/tinyusb/tusb.o
                0x08006950                tu_edpt_stream_read_xfer
 .text.Reset_Handler
                0x08006ae0       0x50 ./Core/Startup/startup_stm32f407vgtx.o
                0x08006ae0                Reset_Handler
 .text.Default_Handler
                0x08006b30        0x2 ./Core/Startup/startup_stm32f407vgtx.o
                0x08006b30                RTC_Alarm_IRQHandler
                0x08006b30                HASH_RNG_IRQHandler
                0x08006b30                EXTI2_IRQHandler
                0x08006b30                TIM8_CC_IRQHandler
                0x08006b30                TIM1_CC_IRQHandler
                0x08006b30                DMA2_Stream5_IRQHandler
                0x08006b30                DMA1_Stream5_IRQHandler
                0x08006b30                PVD_IRQHandler
                0x08006b30                SDIO_IRQHandler
                0x08006b30                TAMP_STAMP_IRQHandler
                0x08006b30                CAN2_RX1_IRQHandler
                0x08006b30                EXTI3_IRQHandler
                0x08006b30                TIM8_TRG_COM_TIM14_IRQHandler
                0x08006b30                TIM1_UP_TIM10_IRQHandler
                0x08006b30                TIM8_UP_TIM13_IRQHandler
                0x08006b30                I2C3_ER_IRQHandler
                0x08006b30                EXTI0_IRQHandler
                0x08006b30                I2C2_EV_IRQHandler
                0x08006b30                DMA1_Stream2_IRQHandler
                0x08006b30                CAN1_RX0_IRQHandler
                0x08006b30                FPU_IRQHandler
                0x08006b30                OTG_HS_WKUP_IRQHandler
                0x08006b30                CAN2_SCE_IRQHandler
                0x08006b30                DMA2_Stream2_IRQHandler
                0x08006b30                SPI1_IRQHandler
                0x08006b30                TIM6_DAC_IRQHandler
                0x08006b30                TIM1_BRK_TIM9_IRQHandler
                0x08006b30                DCMI_IRQHandler
                0x08006b30                CAN2_RX0_IRQHandler
                0x08006b30                DMA2_Stream3_IRQHandler
                0x08006b30                USART6_IRQHandler
                0x08006b30                USART3_IRQHandler
                0x08006b30                CAN1_RX1_IRQHandler
                0x08006b30                UART5_IRQHandler
                0x08006b30                DMA2_Stream0_IRQHandler
                0x08006b30                TIM4_IRQHandler
                0x08006b30                I2C1_EV_IRQHandler
                0x08006b30                DMA1_Stream6_IRQHandler
                0x08006b30                DMA1_Stream1_IRQHandler
                0x08006b30                UART4_IRQHandler
                0x08006b30                TIM3_IRQHandler
                0x08006b30                RCC_IRQHandler
                0x08006b30                TIM8_BRK_TIM12_IRQHandler
                0x08006b30                Default_Handler
                0x08006b30                EXTI15_10_IRQHandler
                0x08006b30                ADC_IRQHandler
                0x08006b30                DMA1_Stream7_IRQHandler
                0x08006b30                TIM7_IRQHandler
                0x08006b30                CAN2_TX_IRQHandler
                0x08006b30                TIM5_IRQHandler
                0x08006b30                DMA2_Stream7_IRQHandler
                0x08006b30                I2C3_EV_IRQHandler
                0x08006b30                EXTI9_5_IRQHandler
                0x08006b30                RTC_WKUP_IRQHandler
                0x08006b30                ETH_WKUP_IRQHandler
                0x08006b30                SPI2_IRQHandler
                0x08006b30                OTG_HS_EP1_IN_IRQHandler
                0x08006b30                DMA1_Stream0_IRQHandler
                0x08006b30                CAN1_TX_IRQHandler
                0x08006b30                EXTI4_IRQHandler
                0x08006b30                FSMC_IRQHandler
                0x08006b30                ETH_IRQHandler
                0x08006b30                OTG_HS_EP1_OUT_IRQHandler
                0x08006b30                WWDG_IRQHandler
                0x08006b30                TIM2_IRQHandler
                0x08006b30                OTG_FS_WKUP_IRQHandler
                0x08006b30                TIM1_TRG_COM_TIM11_IRQHandler
                0x08006b30                OTG_HS_IRQHandler
                0x08006b30                EXTI1_IRQHandler
                0x08006b30                USART2_IRQHandler
                0x08006b30                I2C2_ER_IRQHandler
                0x08006b30                DMA2_Stream1_IRQHandler
                0x08006b30                CAN1_SCE_IRQHandler
                0x08006b30                FLASH_IRQHandler
                0x08006b30                DMA2_Stream4_IRQHandler
                0x08006b30                USART1_IRQHandler
                0x08006b30                SPI3_IRQHandler
                0x08006b30                DMA1_Stream4_IRQHandler
                0x08006b30                I2C1_ER_IRQHandler
                0x08006b30                DMA2_Stream6_IRQHandler
                0x08006b30                DMA1_Stream3_IRQHandler
 *fill*         0x08006b32        0x2 
 .text.HAL_Init
                0x08006b34       0x44 ./Drivers/STM32F4xx_HAL_Driver/Src/stm32f4xx_hal.o
                0x08006b34                HAL_Init
 .text.HAL_InitTick
                0x08006b78       0x60 ./Drivers/STM32F4xx_HAL_Driver/Src/stm32f4xx_hal.o
                0x08006b78                HAL_InitTick
 .text.HAL_IncTick
                0x08006bd8       0x28 ./Drivers/STM32F4xx_HAL_Driver/Src/stm32f4xx_hal.o
                0x08006bd8                HAL_IncTick
 .text.HAL_GetTick
                0x08006c00       0x18 ./Drivers/STM32F4xx_HAL_Driver/Src/stm32f4xx_hal.o
                0x08006c00                HAL_GetTick
 .text.HAL_Delay
                0x08006c18       0x48 ./Drivers/STM32F4xx_HAL_Driver/Src/stm32f4xx_hal.o
                0x08006c18                HAL_Delay
 .text.__NVIC_SetPriorityGrouping
                0x08006c60       0x48 ./Drivers/STM32F4xx_HAL_Driver/Src/stm32f4xx_hal_cortex.o
 .text.__NVIC_GetPriorityGrouping
                0x08006ca8       0x1c ./Drivers/STM32F4xx_HAL_Driver/Src/stm32f4xx_hal_cortex.o
 .text.__NVIC_EnableIRQ
                0x08006cc4       0x3c ./Drivers/STM32F4xx_HAL_Driver/Src/stm32f4xx_hal_cortex.o
 .text.__NVIC_SetPriority
                0x08006d00       0x54 ./Drivers/STM32F4xx_HAL_Driver/Src/stm32f4xx_hal_cortex.o
 .text.NVIC_EncodePriority
                0x08006d54       0x66 ./Drivers/STM32F4xx_HAL_Driver/Src/stm32f4xx_hal_cortex.o
 *fill*         0x08006dba        0x2 
 .text.SysTick_Config
                0x08006dbc       0x44 ./Drivers/STM32F4xx_HAL_Driver/Src/stm32f4xx_hal_cortex.o
 .text.HAL_NVIC_SetPriorityGrouping
                0x08006e00       0x16 ./Drivers/STM32F4xx_HAL_Driver/Src/stm32f4xx_hal_cortex.o
                0x08006e00                HAL_NVIC_SetPriorityGrouping
 .text.HAL_NVIC_SetPriority
                0x08006e16       0x38 ./Drivers/STM32F4xx_HAL_Driver/Src/stm32f4xx_hal_cortex.o
                0x08006e16                HAL_NVIC_SetPriority
 .text.HAL_NVIC_EnableIRQ
                0x08006e4e       0x1c ./Drivers/STM32F4xx_HAL_Driver/Src/stm32f4xx_hal_cortex.o
                0x08006e4e                HAL_NVIC_EnableIRQ
 .text.HAL_SYSTICK_Config
                0x08006e6a       0x18 ./Drivers/STM32F4xx_HAL_Driver/Src/stm32f4xx_hal_cortex.o
                0x08006e6a                HAL_SYSTICK_Config
 *fill*         0x08006e82        0x2 
 .text.HAL_GPIO_Init
                0x08006e84      0x338 ./Drivers/STM32F4xx_HAL_Driver/Src/stm32f4xx_hal_gpio.o
                0x08006e84                HAL_GPIO_Init
 .text.HAL_GPIO_WritePin
                0x080071bc       0x32 ./Drivers/STM32F4xx_HAL_Driver/Src/stm32f4xx_hal_gpio.o
                0x080071bc                HAL_GPIO_WritePin
 .text.HAL_PCD_Init
                0x080071ee      0x21e ./Drivers/STM32F4xx_HAL_Driver/Src/stm32f4xx_hal_pcd.o
                0x080071ee                HAL_PCD_Init
 .text.HAL_RCC_OscConfig
                0x0800740c      0x4f0 ./Drivers/STM32F4xx_HAL_Driver/Src/stm32f4xx_hal_rcc.o
                0x0800740c                HAL_RCC_OscConfig
 .text.HAL_RCC_ClockConfig
                0x080078fc      0x1cc ./Drivers/STM32F4xx_HAL_Driver/Src/stm32f4xx_hal_rcc.o
                0x080078fc                HAL_RCC_ClockConfig
 .text.HAL_RCC_GetSysClockFreq
                0x08007ac8      0x20c ./Drivers/STM32F4xx_HAL_Driver/Src/stm32f4xx_hal_rcc.o
                0x08007ac8                HAL_RCC_GetSysClockFreq
 .text.USB_CoreInit
                0x08007cd4       0xc8 ./Drivers/STM32F4xx_HAL_Driver/Src/stm32f4xx_ll_usb.o
                0x08007cd4                USB_CoreInit
 .text.USB_DisableGlobalInt
                0x08007d9c       0x22 ./Drivers/STM32F4xx_HAL_Driver/Src/stm32f4xx_ll_usb.o
                0x08007d9c                USB_DisableGlobalInt
 .text.USB_SetCurrentMode
                0x08007dbe       0x98 ./Drivers/STM32F4xx_HAL_Driver/Src/stm32f4xx_ll_usb.o
                0x08007dbe                USB_SetCurrentMode
 *fill*         0x08007e56        0x2 
 .text.USB_DevInit
                0x08007e58      0x2c8 ./Drivers/STM32F4xx_HAL_Driver/Src/stm32f4xx_ll_usb.o
                0x08007e58                USB_DevInit
 .text.USB_FlushTxFifo
                0x08008120       0x64 ./Drivers/STM32F4xx_HAL_Driver/Src/stm32f4xx_ll_usb.o
                0x08008120                USB_FlushTxFifo
 .text.USB_FlushRxFifo
                0x08008184       0x5c ./Drivers/STM32F4xx_HAL_Driver/Src/stm32f4xx_ll_usb.o
                0x08008184                USB_FlushRxFifo
 .text.USB_SetDevSpeed
                0x080081e0       0x32 ./Drivers/STM32F4xx_HAL_Driver/Src/stm32f4xx_ll_usb.o
                0x080081e0                USB_SetDevSpeed
 .text.USB_DevDisconnect
                0x08008212       0x42 ./Drivers/STM32F4xx_HAL_Driver/Src/stm32f4xx_ll_usb.o
                0x08008212                USB_DevDisconnect
 .text.USB_GetMode
                0x08008254       0x1c ./Drivers/STM32F4xx_HAL_Driver/Src/stm32f4xx_ll_usb.o
                0x08008254                USB_GetMode
 .text.USB_CoreReset
                0x08008270       0x70 ./Drivers/STM32F4xx_HAL_Driver/Src/stm32f4xx_ll_usb.o
 .text.memset   0x080082e0       0x10 /opt/st/stm32cubeide_1.19.0/plugins/com.st.stm32cube.ide.mcu.externaltools.gnu-tools-for-stm32.13.3.rel1.linux64_1.0.0.202410170706/tools/bin/../lib/gcc/arm-none-eabi/13.3.1/../../../../arm-none-eabi/lib/thumb/v7e-m+fp/hard/libc_nano.a(libc_a-memset.o)
                0x080082e0                memset
 .text.__libc_init_array
                0x080082f0       0x48 /opt/st/stm32cubeide_1.19.0/plugins/com.st.stm32cube.ide.mcu.externaltools.gnu-tools-for-stm32.13.3.rel1.linux64_1.0.0.202410170706/tools/bin/../lib/gcc/arm-none-eabi/13.3.1/../../../../arm-none-eabi/lib/thumb/v7e-m+fp/hard/libc_nano.a(libc_a-init.o)
                0x080082f0                __libc_init_array
 .text.memcpy   0x08008338       0x1c /opt/st/stm32cubeide_1.19.0/plugins/com.st.stm32cube.ide.mcu.externaltools.gnu-tools-for-stm32.13.3.rel1.linux64_1.0.0.202410170706/tools/bin/../lib/gcc/arm-none-eabi/13.3.1/../../../../arm-none-eabi/lib/thumb/v7e-m+fp/hard/libc_nano.a(libc_a-memcpy-stub.o)
                0x08008338                memcpy
 *(.glue_7)
 .glue_7        0x08008354        0x0 linker stubs
 *(.glue_7t)
 .glue_7t       0x08008354        0x0 linker stubs
 *(.eh_frame)
 .eh_frame      0x08008354        0x0 /opt/st/stm32cubeide_1.19.0/plugins/com.st.stm32cube.ide.mcu.externaltools.gnu-tools-for-stm32.13.3.rel1.linux64_1.0.0.202410170706/tools/bin/../lib/gcc/arm-none-eabi/13.3.1/thumb/v7e-m+fp/hard/crtbegin.o
 *(.init)
 .init          0x08008354        0x4 /opt/st/stm32cubeide_1.19.0/plugins/com.st.stm32cube.ide.mcu.externaltools.gnu-tools-for-stm32.13.3.rel1.linux64_1.0.0.202410170706/tools/bin/../lib/gcc/arm-none-eabi/13.3.1/thumb/v7e-m+fp/hard/crti.o
                0x08008354                _init
 .init          0x08008358        0x8 /opt/st/stm32cubeide_1.19.0/plugins/com.st.stm32cube.ide.mcu.externaltools.gnu-tools-for-stm32.13.3.rel1.linux64_1.0.0.202410170706/tools/bin/../lib/gcc/arm-none-eabi/13.3.1/thumb/v7e-m+fp/hard/crtn.o
 *(.fini)
 .fini          0x08008360        0x4 /opt/st/stm32cubeide_1.19.0/plugins/com.st.stm32cube.ide.mcu.externaltools.gnu-tools-for-stm32.13.3.rel1.linux64_1.0.0.202410170706/tools/bin/../lib/gcc/arm-none-eabi/13.3.1/thumb/v7e-m+fp/hard/crti.o
                0x08008360                _fini
 .fini          0x08008364        0x8 /opt/st/stm32cubeide_1.19.0/plugins/com.st.stm32cube.ide.mcu.externaltools.gnu-tools-for-stm32.13.3.rel1.linux64_1.0.0.202410170706/tools/bin/../lib/gcc/arm-none-eabi/13.3.1/thumb/v7e-m+fp/hard/crtn.o
                0x0800836c                        . = ALIGN (0x4)
                0x0800836c                        _etext = .

.vfp11_veneer   0x0800836c        0x0
 .vfp11_veneer  0x0800836c        0x0 linker stubs

.v4_bx          0x0800836c        0x0
 .v4_bx         0x0800836c        0x0 linker stubs

.iplt           0x0800836c        0x0
 .iplt          0x0800836c        0x0 /opt/st/stm32cubeide_1.19.0/plugins/com.st.stm32cube.ide.mcu.externaltools.gnu-tools-for-stm32.13.3.rel1.linux64_1.0.0.202410170706/tools/bin/../lib/gcc/arm-none-eabi/13.3.1/thumb/v7e-m+fp/hard/crtbegin.o

.rodata         0x0800836c      0x14c
                0x0800836c                        . = ALIGN (0x4)
 *(.rodata)
 .rodata        0x0800836c       0x27 ./Core/Src/usb_descriptors.o
 *(.rodata*)
 *fill*         0x08008393        0x1 
 .rodata.note_sequence
                0x08008394       0x40 ./Core/Src/main.o
                0x08008394                note_sequence
 .rodata.AHBPrescTable
                0x080083d4       0x10 ./Core/Src/system_stm32f4xx.o
                0x080083d4                AHBPrescTable
 .rodata.desc_device
                0x080083e4       0x12 ./Core/Src/usb_descriptors.o
 *fill*         0x080083f6        0x2 
 .rodata.desc_fs_configuration
                0x080083f8       0x65 ./Core/Src/usb_descriptors.o
 *fill*         0x0800845d        0x3 
 .rodata.__compound_literal.0
                0x08008460        0x2 ./Core/Src/usb_descriptors.o
 *fill*         0x08008462        0x2 
 .rodata._usbd_driver
                0x08008464       0x24 ./Core/Src/tinyusb/device/usbd.o
 .rodata._dwc2_controller
                0x08008488       0x18 ./Core/Src/tinyusb/portable/synopsys/dwc2/dcd_dwc2.o
 .rodata._dwc2_controller
                0x080084a0       0x18 ./Core/Src/tinyusb/portable/synopsys/dwc2/dwc2_common.o
                0x080084b8                        . = ALIGN (0x4)

.ARM.extab      0x080084b8        0x0
                0x080084b8                        . = ALIGN (0x4)
 *(.ARM.extab* .gnu.linkonce.armextab.*)
                0x080084b8                        . = ALIGN (0x4)

.ARM            0x080084b8        0x8
                0x080084b8                        . = ALIGN (0x4)
                0x080084b8                        __exidx_start = .
 *(.ARM.exidx*)
 .ARM.exidx     0x080084b8        0x8 /opt/st/stm32cubeide_1.19.0/plugins/com.st.stm32cube.ide.mcu.externaltools.gnu-tools-for-stm32.13.3.rel1.linux64_1.0.0.202410170706/tools/bin/../lib/gcc/arm-none-eabi/13.3.1/../../../../arm-none-eabi/lib/thumb/v7e-m+fp/hard/libc_nano.a(libc_a-strlen.o)
 .ARM.exidx     0x080084c0        0x0 /opt/st/stm32cubeide_1.19.0/plugins/com.st.stm32cube.ide.mcu.externaltools.gnu-tools-for-stm32.13.3.rel1.linux64_1.0.0.202410170706/tools/bin/../lib/gcc/arm-none-eabi/13.3.1/thumb/v7e-m+fp/hard/libgcc.a(_udivmoddi4.o)
                                  0x8 (size before relaxing)
                0x080084c0                        __exidx_end = .
                0x080084c0                        . = ALIGN (0x4)

.preinit_array  0x080084c0        0x0
                0x080084c0                        . = ALIGN (0x4)
                0x080084c0                        PROVIDE (__preinit_array_start = .)
 *(.preinit_array*)
                0x080084c0                        PROVIDE (__preinit_array_end = .)
                0x080084c0                        . = ALIGN (0x4)

.init_array     0x080084c0        0x4
                0x080084c0                        . = ALIGN (0x4)
                0x080084c0                        PROVIDE (__init_array_start = .)
 *(SORT_BY_NAME(.init_array.*))
 *(.init_array*)
 .init_array    0x080084c0        0x4 /opt/st/stm32cubeide_1.19.0/plugins/com.st.stm32cube.ide.mcu.externaltools.gnu-tools-for-stm32.13.3.rel1.linux64_1.0.0.202410170706/tools/bin/../lib/gcc/arm-none-eabi/13.3.1/thumb/v7e-m+fp/hard/crtbegin.o
                0x080084c4                        PROVIDE (__init_array_end = .)
                0x080084c4                        . = ALIGN (0x4)

.fini_array     0x080084c4        0x4
                0x080084c4                        . = ALIGN (0x4)
                [!provide]                        PROVIDE (__fini_array_start = .)
 *(SORT_BY_NAME(.fini_array.*))
 *(.fini_array*)
 .fini_array    0x080084c4        0x4 /opt/st/stm32cubeide_1.19.0/plugins/com.st.stm32cube.ide.mcu.externaltools.gnu-tools-for-stm32.13.3.rel1.linux64_1.0.0.202410170706/tools/bin/../lib/gcc/arm-none-eabi/13.3.1/thumb/v7e-m+fp/hard/crtbegin.o
                [!provide]                        PROVIDE (__fini_array_end = .)
                0x080084c8                        . = ALIGN (0x4)
                0x080084c8                        _sidata = LOADADDR (.data)

.rel.dyn        0x080084c8        0x0
 .rel.iplt      0x080084c8        0x0 /opt/st/stm32cubeide_1.19.0/plugins/com.st.stm32cube.ide.mcu.externaltools.gnu-tools-for-stm32.13.3.rel1.linux64_1.0.0.202410170706/tools/bin/../lib/gcc/arm-none-eabi/13.3.1/thumb/v7e-m+fp/hard/crtbegin.o

.data           0x20000000       0x3c load address 0x080084c8
                0x20000000                        . = ALIGN (0x4)
                0x20000000                        _sdata = .
 *(.data)
 *(.data*)
 .data.SystemCoreClock
                0x20000000        0x4 ./Core/Src/system_stm32f4xx.o
                0x20000000                SystemCoreClock
 .data.string_desc_arr
                0x20000004       0x10 ./Core/Src/usb_descriptors.o
 .data._usbd_rhport
                0x20000014        0x1 ./Core/Src/tinyusb/device/usbd.o
 *fill*         0x20000015        0x3 
 .data._usbd_spin
                0x20000018        0x8 ./Core/Src/tinyusb/device/usbd.o
 .data._usbd_qdef
                0x20000020       0x14 ./Core/Src/tinyusb/device/usbd.o
                0x20000020                _usbd_qdef
 .data.uwTickPrio
                0x20000034        0x4 ./Drivers/STM32F4xx_HAL_Driver/Src/stm32f4xx_hal.o
                0x20000034                uwTickPrio
 .data.uwTickFreq
                0x20000038        0x1 ./Drivers/STM32F4xx_HAL_Driver/Src/stm32f4xx_hal.o
                0x20000038                uwTickFreq
 *(.RamFunc)
 *(.RamFunc*)
                0x2000003c                        . = ALIGN (0x4)
 *fill*         0x20000039        0x3 
                0x2000003c                        _edata = .
                0x08008504                        _siccmram = LOADADDR (.ccmram)

.igot.plt       0x2000003c        0x0 load address 0x08008504
 .igot.plt      0x2000003c        0x0 /opt/st/stm32cubeide_1.19.0/plugins/com.st.stm32cube.ide.mcu.externaltools.gnu-tools-for-stm32.13.3.rel1.linux64_1.0.0.202410170706/tools/bin/../lib/gcc/arm-none-eabi/13.3.1/thumb/v7e-m+fp/hard/crtbegin.o

.ccmram         0x10000000        0x0 load address 0x08008504
                0x10000000                        . = ALIGN (0x4)
                0x10000000                        _sccmram = .
 *(.ccmram)
 *(.ccmram*)
                0x10000000                        . = ALIGN (0x4)
                0x10000000                        _eccmram = .
                0x10000000                        . = ALIGN (0x4)

.bss            0x2000003c      0x838
                0x2000003c                        _sbss = .
                0x2000003c                        __bss_start__ = _sbss
 *(.bss)
 .bss           0x2000003c       0x1c /opt/st/stm32cubeide_1.19.0/plugins/com.st.stm32cube.ide.mcu.externaltools.gnu-tools-for-stm32.13.3.rel1.linux64_1.0.0.202410170706/tools/bin/../lib/gcc/arm-none-eabi/13.3.1/thumb/v7e-m+fp/hard/crtbegin.o
 *(.bss*)
 .bss.hpcd_USB_OTG_FS
                0x20000058      0x4e4 ./Core/Src/main.o
                0x20000058                hpcd_USB_OTG_FS
 .bss.note_pos  0x2000053c        0x4 ./Core/Src/main.o
                0x2000053c                note_pos
 .bss._desc_str
                0x20000540       0x42 ./Core/Src/usb_descriptors.o
 *fill*         0x20000582        0x2 
 .bss._midid_itf
                0x20000584       0xc0 ./Core/Src/tinyusb/class/midi/midi_device.o
 .bss._usbd_dev
                0x20000644       0x44 ./Core/Src/tinyusb/device/usbd.o
 .bss._usbd_queued_setup
                0x20000688        0x1 ./Core/Src/tinyusb/device/usbd.o
 *fill*         0x20000689        0x3 
 .bss._ctrl_epbuf
                0x2000068c       0x40 ./Core/Src/tinyusb/device/usbd.o
 .bss._app_driver
                0x200006cc        0x4 ./Core/Src/tinyusb/device/usbd.o
 .bss._app_driver_count
                0x200006d0        0x1 ./Core/Src/tinyusb/device/usbd.o
 *fill*         0x200006d1        0x3 
 .bss._usbd_qdef_buf
                0x200006d4       0xc0 ./Core/Src/tinyusb/device/usbd.o
                0x200006d4                _usbd_qdef_buf
 .bss._usbd_q   0x20000794        0x4 ./Core/Src/tinyusb/device/usbd.o
 .bss.xfer_status
                0x20000798       0xc0 ./Core/Src/tinyusb/portable/synopsys/dwc2/dcd_dwc2.o
 .bss._dcd_data
                0x20000858        0x8 ./Core/Src/tinyusb/portable/synopsys/dwc2/dcd_dwc2.o
 .bss._dcd_usbbuf
                0x20000860        0x8 ./Core/Src/tinyusb/portable/synopsys/dwc2/dcd_dwc2.o
 .bss._tud_cfg  0x20000868        0x4 ./Core/Src/tinyusb/portable/synopsys/dwc2/dcd_dwc2.o
 .bss._tusb_rhport_role
                0x2000086c        0x2 ./Core/Src/tinyusb/tusb.o
                0x2000086c                _tusb_rhport_role
 *fill*         0x2000086e        0x2 
 .bss.uwTick    0x20000870        0x4 ./Drivers/STM32F4xx_HAL_Driver/Src/stm32f4xx_hal.o
                0x20000870                uwTick
 *(COMMON)
                0x20000874                        . = ALIGN (0x4)
                0x20000874                        _ebss = .
                0x20000874                        __bss_end__ = _ebss

._user_heap_stack
                0x20000874      0x604
                0x20000878                        . = ALIGN (0x8)
 *fill*         0x20000874        0x4 
                [!provide]                        PROVIDE (end = .)
                0x20000878                        PROVIDE (_end = .)
                0x20000a78                        . = (. + _Min_Heap_Size)
 *fill*         0x20000878      0x200 
                0x20000e78                        . = (. + _Min_Stack_Size)
 *fill*         0x20000a78      0x400 
                0x20000e78                        . = ALIGN (0x8)

/DISCARD/
 libc.a(*)
 libm.a(*)
 libgcc.a(*)

.ARM.attributes
                0x00000000       0x30
 *(.ARM.attributes)
 .ARM.attributes
                0x00000000       0x22 /opt/st/stm32cubeide_1.19.0/plugins/com.st.stm32cube.ide.mcu.externaltools.gnu-tools-for-stm32.13.3.rel1.linux64_1.0.0.202410170706/tools/bin/../lib/gcc/arm-none-eabi/13.3.1/thumb/v7e-m+fp/hard/crti.o
 .ARM.attributes
                0x00000022       0x34 /opt/st/stm32cubeide_1.19.0/plugins/com.st.stm32cube.ide.mcu.externaltools.gnu-tools-for-stm32.13.3.rel1.linux64_1.0.0.202410170706/tools/bin/../lib/gcc/arm-none-eabi/13.3.1/thumb/v7e-m+fp/hard/crtbegin.o
 .ARM.attributes
                0x00000056       0x34 ./Core/Src/main.o
 .ARM.attributes
                0x0000008a       0x34 ./Core/Src/stm32f4xx_hal_msp.o
 .ARM.attributes
                0x000000be       0x34 ./Core/Src/stm32f4xx_it.o
 .ARM.attributes
                0x000000f2       0x34 ./Core/Src/system_stm32f4xx.o
 .ARM.attributes
                0x00000126       0x34 ./Core/Src/usb_descriptors.o
 .ARM.attributes
                0x0000015a       0x34 ./Core/Src/tinyusb/class/midi/midi_device.o
 .ARM.attributes
                0x0000018e       0x34 ./Core/Src/tinyusb/common/tusb_fifo.o
 .ARM.attributes
                0x000001c2       0x34 ./Core/Src/tinyusb/device/usbd.o
 .ARM.attributes
                0x000001f6       0x34 ./Core/Src/tinyusb/portable/synopsys/dwc2/dcd_dwc2.o
 .ARM.attributes
                0x0000022a       0x34 ./Core/Src/tinyusb/portable/synopsys/dwc2/dwc2_common.o
 .ARM.attributes
                0x0000025e       0x34 ./Core/Src/tinyusb/tusb.o
 .ARM.attributes
                0x00000292       0x21 ./Core/Startup/startup_stm32f407vgtx.o
 .ARM.attributes
                0x000002b3       0x34 ./Drivers/STM32F4xx_HAL_Driver/Src/stm32f4xx_hal.o
 .ARM.attributes
                0x000002e7       0x34 ./Drivers/STM32F4xx_HAL_Driver/Src/stm32f4xx_hal_cortex.o
 .ARM.attributes
                0x0000031b       0x34 ./Drivers/STM32F4xx_HAL_Driver/Src/stm32f4xx_hal_gpio.o
 .ARM.attributes
                0x0000034f       0x34 ./Drivers/STM32F4xx_HAL_Driver/Src/stm32f4xx_hal_pcd.o
 .ARM.attributes
                0x00000383       0x34 ./Drivers/STM32F4xx_HAL_Driver/Src/stm32f4xx_hal_rcc.o
 .ARM.attributes
                0x000003b7       0x34 ./Drivers/STM32F4xx_HAL_Driver/Src/stm32f4xx_ll_usb.o
 .ARM.attributes
                0x000003eb       0x34 /opt/st/stm32cubeide_1.19.0/plugins/com.st.stm32cube.ide.mcu.externaltools.gnu-tools-for-stm32.13.3.rel1.linux64_1.0.0.202410170706/tools/bin/../lib/gcc/arm-none-eabi/13.3.1/../../../../arm-none-eabi/lib/thumb/v7e-m+fp/hard/libc_nano.a(libc_a-memset.o)
 .ARM.attributes
                0x0000041f       0x34 /opt/st/stm32cubeide_1.19.0/plugins/com.st.stm32cube.ide.mcu.externaltools.gnu-tools-for-stm32.13.3.rel1.linux64_1.0.0.202410170706/tools/bin/../lib/gcc/arm-none-eabi/13.3.1/../../../../arm-none-eabi/lib/thumb/v7e-m+fp/hard/libc_nano.a(libc_a-init.o)
 .ARM.attributes
                0x00000453       0x34 /opt/st/stm32cubeide_1.19.0/plugins/com.st.stm32cube.ide.mcu.externaltools.gnu-tools-for-stm32.13.3.rel1.linux64_1.0.0.202410170706/tools/bin/../lib/gcc/arm-none-eabi/13.3.1/../../../../arm-none-eabi/lib/thumb/v7e-m+fp/hard/libc_nano.a(libc_a-memcpy-stub.o)
 .ARM.attributes
                0x00000487       0x17 /opt/st/stm32cubeide_1.19.0/plugins/com.st.stm32cube.ide.mcu.externaltools.gnu-tools-for-stm32.13.3.rel1.linux64_1.0.0.202410170706/tools/bin/../lib/gcc/arm-none-eabi/13.3.1/../../../../arm-none-eabi/lib/thumb/v7e-m+fp/hard/libc_nano.a(libc_a-strlen.o)
 .ARM.attributes
                0x0000049e       0x22 /opt/st/stm32cubeide_1.19.0/plugins/com.st.stm32cube.ide.mcu.externaltools.gnu-tools-for-stm32.13.3.rel1.linux64_1.0.0.202410170706/tools/bin/../lib/gcc/arm-none-eabi/13.3.1/thumb/v7e-m+fp/hard/libgcc.a(_aeabi_uldivmod.o)
 .ARM.attributes
                0x000004c0       0x34 /opt/st/stm32cubeide_1.19.0/plugins/com.st.stm32cube.ide.mcu.externaltools.gnu-tools-for-stm32.13.3.rel1.linux64_1.0.0.202410170706/tools/bin/../lib/gcc/arm-none-eabi/13.3.1/thumb/v7e-m+fp/hard/libgcc.a(_udivmoddi4.o)
 .ARM.attributes
                0x000004f4       0x22 /opt/st/stm32cubeide_1.19.0/plugins/com.st.stm32cube.ide.mcu.externaltools.gnu-tools-for-stm32.13.3.rel1.linux64_1.0.0.202410170706/tools/bin/../lib/gcc/arm-none-eabi/13.3.1/thumb/v7e-m+fp/hard/libgcc.a(_dvmd_tls.o)
 .ARM.attributes
                0x00000516       0x22 /opt/st/stm32cubeide_1.19.0/plugins/com.st.stm32cube.ide.mcu.externaltools.gnu-tools-for-stm32.13.3.rel1.linux64_1.0.0.202410170706/tools/bin/../lib/gcc/arm-none-eabi/13.3.1/thumb/v7e-m+fp/hard/crtn.o
OUTPUT(midi-controller.elf elf32-littlearm)
LOAD linker stubs
LOAD /opt/st/stm32cubeide_1.19.0/plugins/com.st.stm32cube.ide.mcu.externaltools.gnu-tools-for-stm32.13.3.rel1.linux64_1.0.0.202410170706/tools/bin/../lib/gcc/arm-none-eabi/13.3.1/../../../../arm-none-eabi/lib/thumb/v7e-m+fp/hard/libc.a
LOAD /opt/st/stm32cubeide_1.19.0/plugins/com.st.stm32cube.ide.mcu.externaltools.gnu-tools-for-stm32.13.3.rel1.linux64_1.0.0.202410170706/tools/bin/../lib/gcc/arm-none-eabi/13.3.1/../../../../arm-none-eabi/lib/thumb/v7e-m+fp/hard/libm.a
LOAD /opt/st/stm32cubeide_1.19.0/plugins/com.st.stm32cube.ide.mcu.externaltools.gnu-tools-for-stm32.13.3.rel1.linux64_1.0.0.202410170706/tools/bin/../lib/gcc/arm-none-eabi/13.3.1/thumb/v7e-m+fp/hard/libgcc.a

.debug_info     0x00000000    0x14d65
 .debug_info    0x00000000      0xece ./Core/Src/main.o
 .debug_info    0x00000ece      0xb66 ./Core/Src/stm32f4xx_hal_msp.o
 .debug_info    0x00001a34      0x15d ./Core/Src/stm32f4xx_it.o
 .debug_info    0x00001b91      0x512 ./Core/Src/system_stm32f4xx.o
 .debug_info    0x000020a3      0x6e4 ./Core/Src/usb_descriptors.o
 .debug_info    0x00002787     0x1cb9 ./Core/Src/tinyusb/class/midi/midi_device.o
 .debug_info    0x00004440     0x14b8 ./Core/Src/tinyusb/common/tusb_fifo.o
 .debug_info    0x000058f8     0x381c ./Core/Src/tinyusb/device/usbd.o
 .debug_info    0x00009114     0x3e80 ./Core/Src/tinyusb/portable/synopsys/dwc2/dcd_dwc2.o
 .debug_info    0x0000cf94     0x12f0 ./Core/Src/tinyusb/portable/synopsys/dwc2/dwc2_common.o
 .debug_info    0x0000e284     0x1559 ./Core/Src/tinyusb/tusb.o
 .debug_info    0x0000f7dd       0x30 ./Core/Startup/startup_stm32f407vgtx.o
 .debug_info    0x0000f80d      0x944 ./Drivers/STM32F4xx_HAL_Driver/Src/stm32f4xx_hal.o
 .debug_info    0x00010151      0xd8c ./Drivers/STM32F4xx_HAL_Driver/Src/stm32f4xx_hal_cortex.o
 .debug_info    0x00010edd      0x6c3 ./Drivers/STM32F4xx_HAL_Driver/Src/stm32f4xx_hal_gpio.o
 .debug_info    0x000115a0     0x156f ./Drivers/STM32F4xx_HAL_Driver/Src/stm32f4xx_hal_pcd.o
 .debug_info    0x00012b0f      0x8c3 ./Drivers/STM32F4xx_HAL_Driver/Src/stm32f4xx_hal_rcc.o
 .debug_info    0x000133d2     0x1993 ./Drivers/STM32F4xx_HAL_Driver/Src/stm32f4xx_ll_usb.o

.debug_abbrev   0x00000000     0x30f5
 .debug_abbrev  0x00000000      0x31f ./Core/Src/main.o
 .debug_abbrev  0x0000031f      0x1ec ./Core/Src/stm32f4xx_hal_msp.o
 .debug_abbrev  0x0000050b       0xa0 ./Core/Src/stm32f4xx_it.o
 .debug_abbrev  0x000005ab      0x11a ./Core/Src/system_stm32f4xx.o
 .debug_abbrev  0x000006c5      0x1ab ./Core/Src/usb_descriptors.o
 .debug_abbrev  0x00000870      0x3e5 ./Core/Src/tinyusb/class/midi/midi_device.o
 .debug_abbrev  0x00000c55      0x356 ./Core/Src/tinyusb/common/tusb_fifo.o
 .debug_abbrev  0x00000fab      0x58f ./Core/Src/tinyusb/device/usbd.o
 .debug_abbrev  0x0000153a      0x582 ./Core/Src/tinyusb/portable/synopsys/dwc2/dcd_dwc2.o
 .debug_abbrev  0x00001abc      0x34b ./Core/Src/tinyusb/portable/synopsys/dwc2/dwc2_common.o
 .debug_abbrev  0x00001e07      0x3a2 ./Core/Src/tinyusb/tusb.o
 .debug_abbrev  0x000021a9       0x24 ./Core/Startup/startup_stm32f407vgtx.o
 .debug_abbrev  0x000021cd      0x214 ./Drivers/STM32F4xx_HAL_Driver/Src/stm32f4xx_hal.o
 .debug_abbrev  0x000023e1      0x31d ./Drivers/STM32F4xx_HAL_Driver/Src/stm32f4xx_hal_cortex.o
 .debug_abbrev  0x000026fe      0x1d4 ./Drivers/STM32F4xx_HAL_Driver/Src/stm32f4xx_hal_gpio.o
 .debug_abbrev  0x000028d2      0x2b9 ./Drivers/STM32F4xx_HAL_Driver/Src/stm32f4xx_hal_pcd.o
 .debug_abbrev  0x00002b8b      0x2b7 ./Drivers/STM32F4xx_HAL_Driver/Src/stm32f4xx_hal_rcc.o
 .debug_abbrev  0x00002e42      0x2b3 ./Drivers/STM32F4xx_HAL_Driver/Src/stm32f4xx_ll_usb.o

.debug_aranges  0x00000000      0xd60
 .debug_aranges
                0x00000000       0x48 ./Core/Src/main.o
 .debug_aranges
                0x00000048       0x30 ./Core/Src/stm32f4xx_hal_msp.o
 .debug_aranges
                0x00000078       0x68 ./Core/Src/stm32f4xx_it.o
 .debug_aranges
                0x000000e0       0x28 ./Core/Src/system_stm32f4xx.o
 .debug_aranges
                0x00000108       0x40 ./Core/Src/usb_descriptors.o
 .debug_aranges
                0x00000148       0x98 ./Core/Src/tinyusb/class/midi/midi_device.o
 .debug_aranges
                0x000001e0       0xe0 ./Core/Src/tinyusb/common/tusb_fifo.o
 .debug_aranges
                0x000002c0      0x220 ./Core/Src/tinyusb/device/usbd.o
 .debug_aranges
                0x000004e0      0x138 ./Core/Src/tinyusb/portable/synopsys/dwc2/dcd_dwc2.o
 .debug_aranges
                0x00000618       0x68 ./Core/Src/tinyusb/portable/synopsys/dwc2/dwc2_common.o
 .debug_aranges
                0x00000680       0xd0 ./Core/Src/tinyusb/tusb.o
 .debug_aranges
                0x00000750       0x28 ./Core/Startup/startup_stm32f407vgtx.o
 .debug_aranges
                0x00000778       0xf0 ./Drivers/STM32F4xx_HAL_Driver/Src/stm32f4xx_hal.o
 .debug_aranges
                0x00000868      0x130 ./Drivers/STM32F4xx_HAL_Driver/Src/stm32f4xx_hal_cortex.o
 .debug_aranges
                0x00000998       0x58 ./Drivers/STM32F4xx_HAL_Driver/Src/stm32f4xx_hal_gpio.o
 .debug_aranges
                0x000009f0      0x148 ./Drivers/STM32F4xx_HAL_Driver/Src/stm32f4xx_hal_pcd.o
 .debug_aranges
                0x00000b38       0x88 ./Drivers/STM32F4xx_HAL_Driver/Src/stm32f4xx_hal_rcc.o
 .debug_aranges
                0x00000bc0      0x1a0 ./Drivers/STM32F4xx_HAL_Driver/Src/stm32f4xx_ll_usb.o

.debug_rnglists
                0x00000000      0xae0
 .debug_rnglists
                0x00000000       0x34 ./Core/Src/main.o
 .debug_rnglists
                0x00000034       0x20 ./Core/Src/stm32f4xx_hal_msp.o
 .debug_rnglists
                0x00000054       0x49 ./Core/Src/stm32f4xx_it.o
 .debug_rnglists
                0x0000009d       0x1a ./Core/Src/system_stm32f4xx.o
 .debug_rnglists
                0x000000b7       0x2d ./Core/Src/usb_descriptors.o
 .debug_rnglists
                0x000000e4       0x94 ./Core/Src/tinyusb/class/midi/midi_device.o
 .debug_rnglists
                0x00000178       0xae ./Core/Src/tinyusb/common/tusb_fifo.o
 .debug_rnglists
                0x00000226      0x229 ./Core/Src/tinyusb/device/usbd.o
 .debug_rnglists
                0x0000044f      0x119 ./Core/Src/tinyusb/portable/synopsys/dwc2/dcd_dwc2.o
 .debug_rnglists
                0x00000568       0x4d ./Core/Src/tinyusb/portable/synopsys/dwc2/dwc2_common.o
 .debug_rnglists
                0x000005b5       0x9d ./Core/Src/tinyusb/tusb.o
 .debug_rnglists
                0x00000652       0x19 ./Core/Startup/startup_stm32f407vgtx.o
 .debug_rnglists
                0x0000066b       0xaf ./Drivers/STM32F4xx_HAL_Driver/Src/stm32f4xx_hal.o
 .debug_rnglists
                0x0000071a       0xe0 ./Drivers/STM32F4xx_HAL_Driver/Src/stm32f4xx_hal_cortex.o
 .debug_rnglists
                0x000007fa       0x3f ./Drivers/STM32F4xx_HAL_Driver/Src/stm32f4xx_hal_gpio.o
 .debug_rnglists
                0x00000839       0xfa ./Drivers/STM32F4xx_HAL_Driver/Src/stm32f4xx_hal_pcd.o
 .debug_rnglists
                0x00000933       0x66 ./Drivers/STM32F4xx_HAL_Driver/Src/stm32f4xx_hal_rcc.o
 .debug_rnglists
                0x00000999      0x147 ./Drivers/STM32F4xx_HAL_Driver/Src/stm32f4xx_ll_usb.o

.debug_macro    0x00000000    0x2579a
 .debug_macro   0x00000000      0x41c ./Core/Src/main.o
 .debug_macro   0x0000041c      0xad8 ./Core/Src/main.o
 .debug_macro   0x00000ef4      0x295 ./Core/Src/main.o
 .debug_macro   0x00001189       0x2e ./Core/Src/main.o
 .debug_macro   0x000011b7       0x2f ./Core/Src/main.o
 .debug_macro   0x000011e6       0x22 ./Core/Src/main.o
 .debug_macro   0x00001208       0x8e ./Core/Src/main.o
 .debug_macro   0x00001296       0x51 ./Core/Src/main.o
 .debug_macro   0x000012e7      0x103 ./Core/Src/main.o
 .debug_macro   0x000013ea       0x6a ./Core/Src/main.o
 .debug_macro   0x00001454      0x1df ./Core/Src/main.o
 .debug_macro   0x00001633       0x1c ./Core/Src/main.o
 .debug_macro   0x0000164f       0x22 ./Core/Src/main.o
 .debug_macro   0x00001671       0xfb ./Core/Src/main.o
 .debug_macro   0x0000176c     0x1011 ./Core/Src/main.o
 .debug_macro   0x0000277d      0x11f ./Core/Src/main.o
 .debug_macro   0x0000289c    0x15ea5 ./Core/Src/main.o
 .debug_macro   0x00018741       0x6d ./Core/Src/main.o
 .debug_macro   0x000187ae     0x3693 ./Core/Src/main.o
 .debug_macro   0x0001be41      0x190 ./Core/Src/main.o
 .debug_macro   0x0001bfd1       0x5c ./Core/Src/main.o
 .debug_macro   0x0001c02d      0x980 ./Core/Src/main.o
 .debug_macro   0x0001c9ad      0x9e9 ./Core/Src/main.o
 .debug_macro   0x0001d396      0x115 ./Core/Src/main.o
 .debug_macro   0x0001d4ab      0x13e ./Core/Src/main.o
 .debug_macro   0x0001d5e9       0xa5 ./Core/Src/main.o
 .debug_macro   0x0001d68e      0x174 ./Core/Src/main.o
 .debug_macro   0x0001d802      0x287 ./Core/Src/main.o
 .debug_macro   0x0001da89       0x5f ./Core/Src/main.o
 .debug_macro   0x0001dae8      0x236 ./Core/Src/main.o
 .debug_macro   0x0001dd1e      0x12c ./Core/Src/main.o
 .debug_macro   0x0001de4a      0x21e ./Core/Src/main.o
 .debug_macro   0x0001e068       0x2e ./Core/Src/main.o
 .debug_macro   0x0001e096      0x127 ./Core/Src/main.o
 .debug_macro   0x0001e1bd       0x7e ./Core/Src/main.o
 .debug_macro   0x0001e23b       0x89 ./Core/Src/main.o
 .debug_macro   0x0001e2c4      0x293 ./Core/Src/main.o
 .debug_macro   0x0001e557       0xba ./Core/Src/main.o
 .debug_macro   0x0001e611      0x12d ./Core/Src/main.o
 .debug_macro   0x0001e73e      0x190 ./Core/Src/main.o
 .debug_macro   0x0001e8ce       0xa0 ./Core/Src/main.o
 .debug_macro   0x0001e96e       0x22 ./Core/Src/main.o
 .debug_macro   0x0001e990       0x61 ./Core/Src/main.o
 .debug_macro   0x0001e9f1       0x2a ./Core/Src/main.o
 .debug_macro   0x0001ea1b       0x43 ./Core/Src/main.o
 .debug_macro   0x0001ea5e       0x3a ./Core/Src/main.o
 .debug_macro   0x0001ea98       0x3c ./Core/Src/main.o
 .debug_macro   0x0001ead4      0x460 ./Core/Src/main.o
 .debug_macro   0x0001ef34      0x370 ./Core/Src/main.o
 .debug_macro   0x0001f2a4       0x16 ./Core/Src/main.o
 .debug_macro   0x0001f2ba       0x4a ./Core/Src/main.o
 .debug_macro   0x0001f304       0x34 ./Core/Src/main.o
 .debug_macro   0x0001f338       0x10 ./Core/Src/main.o
 .debug_macro   0x0001f348       0x58 ./Core/Src/main.o
 .debug_macro   0x0001f3a0       0x8e ./Core/Src/main.o
 .debug_macro   0x0001f42e       0x1c ./Core/Src/main.o
 .debug_macro   0x0001f44a      0x185 ./Core/Src/main.o
 .debug_macro   0x0001f5cf       0x10 ./Core/Src/main.o
 .debug_macro   0x0001f5df       0x20 ./Core/Src/main.o
 .debug_macro   0x0001f5ff      0x1a5 ./Core/Src/main.o
 .debug_macro   0x0001f7a4      0x3be ./Core/Src/main.o
 .debug_macro   0x0001fb62       0x70 ./Core/Src/main.o
 .debug_macro   0x0001fbd2       0x42 ./Core/Src/main.o
 .debug_macro   0x0001fc14      0x234 ./Core/Src/main.o
 .debug_macro   0x0001fe48       0x48 ./Core/Src/main.o
 .debug_macro   0x0001fe90       0x48 ./Core/Src/main.o
 .debug_macro   0x0001fed8       0xc7 ./Core/Src/main.o
 .debug_macro   0x0001ff9f       0x10 ./Core/Src/main.o
 .debug_macro   0x0001ffaf       0x28 ./Core/Src/main.o
 .debug_macro   0x0001ffd7       0x25 ./Core/Src/main.o
 .debug_macro   0x0001fffc       0x25 ./Core/Src/main.o
 .debug_macro   0x00020021      0x461 ./Core/Src/main.o
 .debug_macro   0x00020482       0x6c ./Core/Src/main.o
 .debug_macro   0x000204ee       0x1f ./Core/Src/main.o
 .debug_macro   0x0002050d       0x10 ./Core/Src/main.o
 .debug_macro   0x0002051d       0x20 ./Core/Src/main.o
 .debug_macro   0x0002053d       0x1c ./Core/Src/main.o
 .debug_macro   0x00020559       0x10 ./Core/Src/main.o
 .debug_macro   0x00020569       0x1c ./Core/Src/main.o
 .debug_macro   0x00020585       0x16 ./Core/Src/main.o
 .debug_macro   0x0002059b      0x146 ./Core/Src/main.o
 .debug_macro   0x000206e1       0x16 ./Core/Src/main.o
 .debug_macro   0x000206f7       0x16 ./Core/Src/main.o
 .debug_macro   0x0002070d       0x29 ./Core/Src/main.o
 .debug_macro   0x00020736      0x1e3 ./Core/Src/stm32f4xx_hal_msp.o
 .debug_macro   0x00020919      0x3ae ./Core/Src/stm32f4xx_it.o
 .debug_macro   0x00020cc7      0x1d4 ./Core/Src/system_stm32f4xx.o
 .debug_macro   0x00020e9b      0x2e7 ./Core/Src/usb_descriptors.o
 .debug_macro   0x00021182       0x89 ./Core/Src/usb_descriptors.o
 .debug_macro   0x0002120b      0x119 ./Core/Src/usb_descriptors.o
 .debug_macro   0x00021324      0x22b ./Core/Src/tinyusb/class/midi/midi_device.o
 .debug_macro   0x0002154f      0x45b ./Core/Src/tinyusb/class/midi/midi_device.o
 .debug_macro   0x000219aa       0x2e ./Core/Src/tinyusb/class/midi/midi_device.o
 .debug_macro   0x000219d8       0x22 ./Core/Src/tinyusb/class/midi/midi_device.o
 .debug_macro   0x000219fa      0x20a ./Core/Src/tinyusb/common/tusb_fifo.o
 .debug_macro   0x00021c04      0x262 ./Core/Src/tinyusb/device/usbd.o
 .debug_macro   0x00021e66       0x10 ./Core/Src/tinyusb/device/usbd.o
 .debug_macro   0x00021e76      0x3a2 ./Core/Src/tinyusb/portable/synopsys/dwc2/dcd_dwc2.o
 .debug_macro   0x00022218     0x23ad ./Core/Src/tinyusb/portable/synopsys/dwc2/dcd_dwc2.o
 .debug_macro   0x000245c5       0x56 ./Core/Src/tinyusb/portable/synopsys/dwc2/dcd_dwc2.o
 .debug_macro   0x0002461b       0x31 ./Core/Src/tinyusb/portable/synopsys/dwc2/dcd_dwc2.o
 .debug_macro   0x0002464c      0x37a ./Core/Src/tinyusb/portable/synopsys/dwc2/dwc2_common.o
 .debug_macro   0x000249c6      0x246 ./Core/Src/tinyusb/tusb.o
 .debug_macro   0x00024c0c      0x234 ./Drivers/STM32F4xx_HAL_Driver/Src/stm32f4xx_hal.o
 .debug_macro   0x00024e40      0x1d4 ./Drivers/STM32F4xx_HAL_Driver/Src/stm32f4xx_hal_cortex.o
 .debug_macro   0x00025014      0x1da ./Drivers/STM32F4xx_HAL_Driver/Src/stm32f4xx_hal_gpio.o
 .debug_macro   0x000251ee      0x1e0 ./Drivers/STM32F4xx_HAL_Driver/Src/stm32f4xx_hal_pcd.o
 .debug_macro   0x000253ce      0x1f8 ./Drivers/STM32F4xx_HAL_Driver/Src/stm32f4xx_hal_rcc.o
 .debug_macro   0x000255c6      0x1d4 ./Drivers/STM32F4xx_HAL_Driver/Src/stm32f4xx_ll_usb.o

.debug_line     0x00000000    0x10964
 .debug_line    0x00000000      0xd00 ./Core/Src/main.o
 .debug_line    0x00000d00      0x6e5 ./Core/Src/stm32f4xx_hal_msp.o
 .debug_line    0x000013e5      0xb6c ./Core/Src/stm32f4xx_it.o
 .debug_line    0x00001f51      0x6ff ./Core/Src/system_stm32f4xx.o
 .debug_line    0x00002650      0x9b9 ./Core/Src/usb_descriptors.o
 .debug_line    0x00003009     0x11bf ./Core/Src/tinyusb/class/midi/midi_device.o
 .debug_line    0x000041c8      0xf0f ./Core/Src/tinyusb/common/tusb_fifo.o
 .debug_line    0x000050d7     0x1fa4 ./Core/Src/tinyusb/device/usbd.o
 .debug_line    0x0000707b     0x1db7 ./Core/Src/tinyusb/portable/synopsys/dwc2/dcd_dwc2.o
 .debug_line    0x00008e32      0xd93 ./Core/Src/tinyusb/portable/synopsys/dwc2/dwc2_common.o
 .debug_line    0x00009bc5      0xe8d ./Core/Src/tinyusb/tusb.o
 .debug_line    0x0000aa52       0x7a ./Core/Startup/startup_stm32f407vgtx.o
 .debug_line    0x0000aacc      0x97b ./Drivers/STM32F4xx_HAL_Driver/Src/stm32f4xx_hal.o
 .debug_line    0x0000b447      0xc4b ./Drivers/STM32F4xx_HAL_Driver/Src/stm32f4xx_hal_cortex.o
 .debug_line    0x0000c092      0xad3 ./Drivers/STM32F4xx_HAL_Driver/Src/stm32f4xx_hal_gpio.o
 .debug_line    0x0000cb65     0x13c6 ./Drivers/STM32F4xx_HAL_Driver/Src/stm32f4xx_hal_pcd.o
 .debug_line    0x0000df2b      0xd8a ./Drivers/STM32F4xx_HAL_Driver/Src/stm32f4xx_hal_rcc.o
 .debug_line    0x0000ecb5     0x1caf ./Drivers/STM32F4xx_HAL_Driver/Src/stm32f4xx_ll_usb.o

.debug_str      0x00000000    0xdf4dc
 .debug_str     0x00000000    0xdf4dc ./Core/Src/main.o
                              0xcf3f7 (size before relaxing)
 .debug_str     0x000df4dc    0xbd44c ./Core/Src/stm32f4xx_hal_msp.o
 .debug_str     0x000df4dc    0xce46e ./Core/Src/stm32f4xx_it.o
 .debug_str     0x000df4dc    0xbc4aa ./Core/Src/system_stm32f4xx.o
 .debug_str     0x000df4dc    0x9ac0e ./Core/Src/usb_descriptors.o
 .debug_str     0x000df4dc    0x16bd1 ./Core/Src/tinyusb/class/midi/midi_device.o
 .debug_str     0x000df4dc     0xcac5 ./Core/Src/tinyusb/common/tusb_fifo.o
 .debug_str     0x000df4dc    0x17438 ./Core/Src/tinyusb/device/usbd.o
 .debug_str     0x000df4dc    0xda923 ./Core/Src/tinyusb/portable/synopsys/dwc2/dcd_dwc2.o
 .debug_str     0x000df4dc    0xd1730 ./Core/Src/tinyusb/portable/synopsys/dwc2/dwc2_common.o
 .debug_str     0x000df4dc    0x1661d ./Core/Src/tinyusb/tusb.o
 .debug_str     0x000df4dc       0x7e ./Core/Startup/startup_stm32f407vgtx.o
 .debug_str     0x000df4dc    0xbd02e ./Drivers/STM32F4xx_HAL_Driver/Src/stm32f4xx_hal.o
 .debug_str     0x000df4dc    0xbcdaa ./Drivers/STM32F4xx_HAL_Driver/Src/stm32f4xx_hal_cortex.o
 .debug_str     0x000df4dc    0xbc625 ./Drivers/STM32F4xx_HAL_Driver/Src/stm32f4xx_hal_gpio.o
 .debug_str     0x000df4dc    0xbcf88 ./Drivers/STM32F4xx_HAL_Driver/Src/stm32f4xx_hal_pcd.o
 .debug_str     0x000df4dc    0xbc8de ./Drivers/STM32F4xx_HAL_Driver/Src/stm32f4xx_hal_rcc.o
 .debug_str     0x000df4dc    0xbce63 ./Drivers/STM32F4xx_HAL_Driver/Src/stm32f4xx_ll_usb.o

.comment        0x00000000       0x43
 .comment       0x00000000       0x43 ./Core/Src/main.o
                                 0x44 (size before relaxing)
 .comment       0x00000043       0x44 ./Core/Src/stm32f4xx_hal_msp.o
 .comment       0x00000043       0x44 ./Core/Src/stm32f4xx_it.o
 .comment       0x00000043       0x44 ./Core/Src/system_stm32f4xx.o
 .comment       0x00000043       0x44 ./Core/Src/usb_descriptors.o
 .comment       0x00000043       0x44 ./Core/Src/tinyusb/class/midi/midi_device.o
 .comment       0x00000043       0x44 ./Core/Src/tinyusb/common/tusb_fifo.o
 .comment       0x00000043       0x44 ./Core/Src/tinyusb/device/usbd.o
 .comment       0x00000043       0x44 ./Core/Src/tinyusb/portable/synopsys/dwc2/dcd_dwc2.o
 .comment       0x00000043       0x44 ./Core/Src/tinyusb/portable/synopsys/dwc2/dwc2_common.o
 .comment       0x00000043       0x44 ./Core/Src/tinyusb/tusb.o
 .comment       0x00000043       0x44 ./Drivers/STM32F4xx_HAL_Driver/Src/stm32f4xx_hal.o
 .comment       0x00000043       0x44 ./Drivers/STM32F4xx_HAL_Driver/Src/stm32f4xx_hal_cortex.o
 .comment       0x00000043       0x44 ./Drivers/STM32F4xx_HAL_Driver/Src/stm32f4xx_hal_gpio.o
 .comment       0x00000043       0x44 ./Drivers/STM32F4xx_HAL_Driver/Src/stm32f4xx_hal_pcd.o
 .comment       0x00000043       0x44 ./Drivers/STM32F4xx_HAL_Driver/Src/stm32f4xx_hal_rcc.o
 .comment       0x00000043       0x44 ./Drivers/STM32F4xx_HAL_Driver/Src/stm32f4xx_ll_usb.o

.debug_frame    0x00000000     0x377c
 .debug_frame   0x00000000       0xd4 ./Core/Src/main.o
 .debug_frame   0x000000d4       0x7c ./Core/Src/stm32f4xx_hal_msp.o
 .debug_frame   0x00000150      0x120 ./Core/Src/stm32f4xx_it.o
 .debug_frame   0x00000270       0x58 ./Core/Src/system_stm32f4xx.o
 .debug_frame   0x000002c8       0xcc ./Core/Src/usb_descriptors.o
 .debug_frame   0x00000394      0x270 ./Core/Src/tinyusb/class/midi/midi_device.o
 .debug_frame   0x00000604      0x3b4 ./Core/Src/tinyusb/common/tusb_fifo.o
 .debug_frame   0x000009b8      0x95c ./Core/Src/tinyusb/device/usbd.o
 .debug_frame   0x00001314      0x55c ./Core/Src/tinyusb/portable/synopsys/dwc2/dcd_dwc2.o
 .debug_frame   0x00001870      0x190 ./Core/Src/tinyusb/portable/synopsys/dwc2/dwc2_common.o
 .debug_frame   0x00001a00      0x374 ./Core/Src/tinyusb/tusb.o
 .debug_frame   0x00001d74      0x374 ./Drivers/STM32F4xx_HAL_Driver/Src/stm32f4xx_hal.o
 .debug_frame   0x000020e8      0x508 ./Drivers/STM32F4xx_HAL_Driver/Src/stm32f4xx_hal_cortex.o
 .debug_frame   0x000025f0      0x14c ./Drivers/STM32F4xx_HAL_Driver/Src/stm32f4xx_hal_gpio.o
 .debug_frame   0x0000273c      0x5b8 ./Drivers/STM32F4xx_HAL_Driver/Src/stm32f4xx_hal_pcd.o
 .debug_frame   0x00002cf4      0x1f4 ./Drivers/STM32F4xx_HAL_Driver/Src/stm32f4xx_hal_rcc.o
 .debug_frame   0x00002ee8      0x7c0 ./Drivers/STM32F4xx_HAL_Driver/Src/stm32f4xx_ll_usb.o
 .debug_frame   0x000036a8       0x20 /opt/st/stm32cubeide_1.19.0/plugins/com.st.stm32cube.ide.mcu.externaltools.gnu-tools-for-stm32.13.3.rel1.linux64_1.0.0.202410170706/tools/bin/../lib/gcc/arm-none-eabi/13.3.1/../../../../arm-none-eabi/lib/thumb/v7e-m+fp/hard/libc_nano.a(libc_a-memset.o)
 .debug_frame   0x000036c8       0x2c /opt/st/stm32cubeide_1.19.0/plugins/com.st.stm32cube.ide.mcu.externaltools.gnu-tools-for-stm32.13.3.rel1.linux64_1.0.0.202410170706/tools/bin/../lib/gcc/arm-none-eabi/13.3.1/../../../../arm-none-eabi/lib/thumb/v7e-m+fp/hard/libc_nano.a(libc_a-init.o)
 .debug_frame   0x000036f4       0x28 /opt/st/stm32cubeide_1.19.0/plugins/com.st.stm32cube.ide.mcu.externaltools.gnu-tools-for-stm32.13.3.rel1.linux64_1.0.0.202410170706/tools/bin/../lib/gcc/arm-none-eabi/13.3.1/../../../../arm-none-eabi/lib/thumb/v7e-m+fp/hard/libc_nano.a(libc_a-memcpy-stub.o)
 .debug_frame   0x0000371c       0x2c /opt/st/stm32cubeide_1.19.0/plugins/com.st.stm32cube.ide.mcu.externaltools.gnu-tools-for-stm32.13.3.rel1.linux64_1.0.0.202410170706/tools/bin/../lib/gcc/arm-none-eabi/13.3.1/thumb/v7e-m+fp/hard/libgcc.a(_aeabi_uldivmod.o)
 .debug_frame   0x00003748       0x34 /opt/st/stm32cubeide_1.19.0/plugins/com.st.stm32cube.ide.mcu.externaltools.gnu-tools-for-stm32.13.3.rel1.linux64_1.0.0.202410170706/tools/bin/../lib/gcc/arm-none-eabi/13.3.1/thumb/v7e-m+fp/hard/libgcc.a(_udivmoddi4.o)

.debug_line_str
                0x00000000       0x62
 .debug_line_str
                0x00000000       0x62 ./Core/Startup/startup_stm32f407vgtx.o
