../Core/Src/tinyusb/device/usbd.c:48:19:tud_event_hook_cb	16	static
../Core/Src/tinyusb/device/usbd.c:52:19:tud_sof_cb	16	static
../Core/Src/tinyusb/device/usbd.c:56:29:tud_descriptor_bos_cb	4	static
../Core/Src/tinyusb/device/usbd.c:60:29:tud_descriptor_device_qualifier_cb	4	static
../Core/Src/tinyusb/device/usbd.c:64:29:tud_descriptor_other_speed_configuration_cb	16	static
../Core/Src/tinyusb/device/usbd.c:69:19:tud_mount_cb	4	static
../Core/Src/tinyusb/device/usbd.c:72:19:tud_umount_cb	4	static
../Core/Src/tinyusb/device/usbd.c:75:19:tud_suspend_cb	16	static
../Core/Src/tinyusb/device/usbd.c:79:19:tud_resume_cb	4	static
../Core/Src/tinyusb/device/usbd.c:82:19:tud_vendor_control_xfer_cb	16	static
../Core/Src/tinyusb/device/usbd.c:87:19:dcd_deinit	16	static
../Core/Src/tinyusb/device/usbd.c:92:19:dcd_connect	16	static
../Core/Src/tinyusb/device/usbd.c:96:19:dcd_disconnect	16	static
../Core/Src/tinyusb/device/usbd.c:100:19:dcd_dcache_clean	16	static
../Core/Src/tinyusb/device/usbd.c:105:19:dcd_dcache_invalidate	16	static
../Core/Src/tinyusb/device/usbd.c:110:19:dcd_dcache_clean_invalidate	16	static
../Core/Src/tinyusb/device/usbd.c:443:41:usbd_app_driver_get_cb	16	static
../Core/Src/tinyusb/device/usbd.c:448:19:dcd_edpt_xfer_fifo	16	static
../Core/Src/tinyusb/device/usbd.c:453:19:dcd_configure	24	static
../Core/Src/tinyusb/device/usbd.c:479:14:tud_speed_get	4	static
../Core/Src/tinyusb/device/usbd.c:483:6:tud_connected	4	static
../Core/Src/tinyusb/device/usbd.c:487:6:tud_mounted	4	static
../Core/Src/tinyusb/device/usbd.c:491:6:tud_suspended	4	static
../Core/Src/tinyusb/device/usbd.c:495:6:tud_remote_wakeup	8	static
../Core/Src/tinyusb/device/usbd.c:502:6:tud_disconnect	8	static
../Core/Src/tinyusb/device/usbd.c:507:6:tud_connect	8	static
../Core/Src/tinyusb/device/usbd.c:512:6:tud_sof_cb_enable	16	static
../Core/Src/tinyusb/device/usbd.c:516:6:tud_inited	4	static
../Core/Src/tinyusb/device/usbd.c:520:6:tud_configure	24	static
../Core/Src/tinyusb/device/usbd.c:524:6:tud_rhport_init	64	static,ignoring_inline_asm
../Core/Src/tinyusb/device/usbd.c:590:6:tud_deinit	40	static,ignoring_inline_asm
../Core/Src/tinyusb/device/usbd.c:634:13:configuration_reset	40	static,ignoring_inline_asm
../Core/Src/tinyusb/device/usbd.c:646:13:usbd_reset	16	static
../Core/Src/tinyusb/device/usbd.c:650:6:tud_task_event_ready	24	static
../Core/Src/tinyusb/device/usbd.c:672:6:tud_task_ext	96	static,ignoring_inline_asm
../Core/Src/tinyusb/device/usbd.c:814:19:dcd_edpt0_status_complete	16	static
../Core/Src/tinyusb/device/usbd.c:819:10:usbd_get_ctrl_buf	4	static
../Core/Src/tinyusb/device/usbd.c:837:13:data_stage_xact	64	static
../Core/Src/tinyusb/device/usbd.c:853:6:tud_control_status	32	static
../Core/Src/tinyusb/device/usbd.c:860:6:tud_control_xfer	56	static,ignoring_inline_asm
../Core/Src/tinyusb/device/usbd.c:881:13:usbd_control_xfer_cb	56	static,ignoring_inline_asm
../Core/Src/tinyusb/device/usbd.c:942:13:invoke_class_control	24	static
../Core/Src/tinyusb/device/usbd.c:949:13:process_std_device_request	32	static,ignoring_inline_asm
../Core/Src/tinyusb/device/usbd.c:1060:13:process_setup_received	96	static,ignoring_inline_asm
../Core/Src/tinyusb/device/usbd.c:1233:13:process_set_config	120	static,ignoring_inline_asm
../Core/Src/tinyusb/device/usbd.c:1285:13:process_get_descriptor	80	static,ignoring_inline_asm
../Core/Src/tinyusb/device/usbd.c:1373:24:dcd_event_handler	200	static,ignoring_inline_asm
../Core/Src/tinyusb/device/usbd.c:1472:6:usbd_int_set	16	static
../Core/Src/tinyusb/device/usbd.c:1480:6:usbd_spin_lock	24	static
../Core/Src/tinyusb/device/usbd.c:1483:6:usbd_spin_unlock	24	static
../Core/Src/tinyusb/device/usbd.c:1488:6:usbd_open_edpt_pair	48	static,ignoring_inline_asm
../Core/Src/tinyusb/device/usbd.c:1509:6:usbd_defer_func	72	static,ignoring_inline_asm
../Core/Src/tinyusb/device/usbd.c:1524:6:usbd_edpt_open	40	static,ignoring_inline_asm
../Core/Src/tinyusb/device/usbd.c:1533:6:usbd_edpt_claim	24	static
../Core/Src/tinyusb/device/usbd.c:1544:6:usbd_edpt_release	24	static
../Core/Src/tinyusb/device/usbd.c:1552:6:usbd_edpt_xfer	40	static,ignoring_inline_asm
../Core/Src/tinyusb/device/usbd.c:1590:6:usbd_edpt_xfer_fifo	40	static,ignoring_inline_asm
../Core/Src/tinyusb/device/usbd.c:1626:6:usbd_edpt_busy	24	static
../Core/Src/tinyusb/device/usbd.c:1635:6:usbd_edpt_stall	24	static
../Core/Src/tinyusb/device/usbd.c:1647:6:usbd_edpt_clear_stall	24	static
../Core/Src/tinyusb/device/usbd.c:1659:6:usbd_edpt_stalled	24	static
../Core/Src/tinyusb/device/usbd.c:1672:6:usbd_edpt_close	16	static
../Core/Src/tinyusb/device/usbd.c:1691:6:usbd_sof_enable	24	static
../Core/Src/tinyusb/device/usbd.c:1708:6:usbd_edpt_iso_alloc	24	static,ignoring_inline_asm
../Core/Src/tinyusb/device/usbd.c:1720:6:usbd_edpt_iso_activate	48	static,ignoring_inline_asm
