../Core/Src/tinyusb/tusb.c:66:19:tusb_time_delay_ms_api	24	static
../Core/Src/tinyusb/tusb.c:73:20:tusb_app_virt_to_phys	16	static
../Core/Src/tinyusb/tusb.c:77:20:tusb_app_phys_to_virt	16	static
../Core/Src/tinyusb/tusb.c:84:6:tusb_rhport_init	24	static,ignoring_inline_asm
../Core/Src/tinyusb/tusb.c:131:6:tusb_inited	16	static
../Core/Src/tinyusb/tusb.c:149:6:tusb_int_handler	16	static
../Core/Src/tinyusb/tusb.c:166:6:tusb_deinit	24	static,ignoring_inline_asm
../Core/Src/tinyusb/tusb.c:193:16:tu_desc_find	24	static
../Core/Src/tinyusb/tusb.c:203:16:tu_desc_find2	24	static
../Core/Src/tinyusb/tusb.c:213:16:tu_desc_find3	24	static
../Core/Src/tinyusb/tusb.c:227:6:tu_edpt_claim	24	static
../Core/Src/tinyusb/tusb.c:244:6:tu_edpt_release	24	static
../Core/Src/tinyusb/tusb.c:295:6:tu_bind_driver_to_ep_itf	80	static,ignoring_inline_asm
../Core/Src/tinyusb/tusb.c:323:6:tu_edpt_stream_init	16	static
../Core/Src/tinyusb/tusb.c:346:13:stream_claim	16	static
../Core/Src/tinyusb/tusb.c:360:13:stream_xfer	32	static
../Core/Src/tinyusb/tusb.c:377:13:stream_release	16	static
../Core/Src/tinyusb/tusb.c:393:6:tu_edpt_stream_write_zlp_if_needed	32	static,ignoring_inline_asm
../Core/Src/tinyusb/tusb.c:401:10:tu_edpt_stream_write_xfer	88	static,ignoring_inline_asm
../Core/Src/tinyusb/tusb.c:425:10:tu_edpt_stream_write	72	static
../Core/Src/tinyusb/tusb.c:437:10:tu_edpt_stream_write_available	48	static
../Core/Src/tinyusb/tusb.c:444:10:tu_edpt_stream_read_xfer	88	static,ignoring_inline_asm
../Core/Src/tinyusb/tusb.c:468:10:tu_edpt_stream_read	40	static
